============================= test session starts =============================
platform win32 -- Python 3.11.9, pytest-6.2.5, py-1.11.0, pluggy-1.6.0
rootdir: C:\Users\lukx\Desktop\TraderCopilot-freshsale
plugins: anyio-4.9.0
collected 1 item

backend\tests\test_copilot_core.py F                                     [100%]

================================== FAILURES ===================================
_____________________________ test_update_profile _____________________________

self = <sqlalchemy.engine.base.Connection object at 0x000002393C4F3F50>
dialect = <sqlalchemy.dialects.sqlite.pysqlite.SQLiteDialect_pysqlite object at 0x000002393B5DFC10>
context = <sqlalchemy.dialects.sqlite.base.SQLiteExecutionContext object at 0x000002393C4F3FD0>
statement = <sqlalchemy.dialects.sqlite.base.SQLiteCompiler object at 0x000002393C6759D0>
parameters = [(1, 1, 0)]

    def _exec_single_context(
        self,
        dialect: Dialect,
        context: ExecutionContext,
        statement: Union[str, Compiled],
        parameters: Optional[_AnyMultiExecuteParams],
    ) -> CursorResult[Any]:
        """continue the _execute_context() method for a single DBAPI
        cursor.execute() or cursor.executemany() call.
    
        """
        if dialect.bind_typing is BindTyping.SETINPUTSIZES:
            generic_setinputsizes = context._prepare_set_input_sizes()
    
            if generic_setinputsizes:
                try:
                    dialect.do_set_input_sizes(
                        context.cursor, generic_setinputsizes, context
                    )
                except BaseException as e:
                    self._handle_dbapi_exception(
                        e, str(statement), parameters, None, context
                    )
    
        cursor, str_statement, parameters = (
            context.cursor,
            context.statement,
            context.parameters,
        )
    
        effective_parameters: Optional[_AnyExecuteParams]
    
        if not context.executemany:
            effective_parameters = parameters[0]
        else:
            effective_parameters = parameters
    
        if self._has_events or self.engine._has_events:
            for fn in self.dispatch.before_cursor_execute:
                str_statement, effective_parameters = fn(
                    self,
                    cursor,
                    str_statement,
                    effective_parameters,
                    context,
                    context.executemany,
                )
    
        if self._echo:
            self._log_info(str_statement)
    
            stats = context._get_cache_stats()
    
            if not self.engine.hide_parameters:
                self._log_info(
                    "[%s] %r",
                    stats,
                    sql_util._repr_params(
                        effective_parameters,
                        batches=10,
                        ismulti=context.executemany,
                    ),
                )
            else:
                self._log_info(
                    "[%s] [SQL parameters hidden due to hide_parameters=True]",
                    stats,
                )
    
        evt_handled: bool = False
        try:
            if context.execute_style is ExecuteStyle.EXECUTEMANY:
                effective_parameters = cast(
                    "_CoreMultiExecuteParams", effective_parameters
                )
                if self.dialect._has_events:
                    for fn in self.dialect.dispatch.do_executemany:
                        if fn(
                            cursor,
                            str_statement,
                            effective_parameters,
                            context,
                        ):
                            evt_handled = True
                            break
                if not evt_handled:
                    self.dialect.do_executemany(
                        cursor,
                        str_statement,
                        effective_parameters,
                        context,
                    )
            elif not effective_parameters and context.no_parameters:
                if self.dialect._has_events:
                    for fn in self.dialect.dispatch.do_execute_no_params:
                        if fn(cursor, str_statement, context):
                            evt_handled = True
                            break
                if not evt_handled:
                    self.dialect.do_execute_no_params(
                        cursor, str_statement, context
                    )
            else:
                effective_parameters = cast(
                    "_CoreSingleExecuteParams", effective_parameters
                )
                if self.dialect._has_events:
                    for fn in self.dialect.dispatch.do_execute:
                        if fn(
                            cursor,
                            str_statement,
                            effective_parameters,
                            context,
                        ):
                            evt_handled = True
                            break
                if not evt_handled:
>                   self.dialect.do_execute(
                        cursor, str_statement, effective_parameters, context
                    )

..\..\AppData\Local\Programs\Python\Python311\Lib\site-packages\sqlalchemy\engine\base.py:1967: 
_ _ _ _ _ _ _ _ _ _ _ _ _ _ _ _ _ _ _ _ _ _ _ _ _ _ _ _ _ _ _ _ _ _ _ _ _ _ _ _

self = <sqlalchemy.dialects.sqlite.pysqlite.SQLiteDialect_pysqlite object at 0x000002393B5DFC10>
cursor = <sqlite3.Cursor object at 0x000002393C671640>
statement = 'SELECT copilot_profiles.id AS copilot_profiles_id, copilot_profiles.user_id AS copilot_profiles_user_id, copilot_prof...ated_at AS copilot_profiles_updated_at \nFROM copilot_profiles \nWHERE copilot_profiles.user_id = ?\n LIMIT ? OFFSET ?'
parameters = (1, 1, 0)
context = <sqlalchemy.dialects.sqlite.base.SQLiteExecutionContext object at 0x000002393C4F3FD0>

    def do_execute(self, cursor, statement, parameters, context=None):
>       cursor.execute(statement, parameters)
E       sqlite3.OperationalError: no such table: copilot_profiles

..\..\AppData\Local\Programs\Python\Python311\Lib\site-packages\sqlalchemy\engine\default.py:951: OperationalError

The above exception was the direct cause of the following exception:

self = <starlette.middleware.errors.ServerErrorMiddleware object at 0x000002393C539610>
scope = {'app': <fastapi.applications.FastAPI object at 0x00000239387FCA90>, 'client': ['testclient', 50000], 'endpoint': <function update_advisor_profile at 0x000002393C0E3BA0>, 'extensions': {'http.response.debug': {}}, ...}
receive = <function _TestClientTransport.handle_request.<locals>.receive at 0x000002393C5727A0>
send = <function _TestClientTransport.handle_request.<locals>.send at 0x000002393C572700>

    async def __call__(self, scope: Scope, receive: Receive, send: Send) -> None:
        if scope["type"] != "http":
            await self.app(scope, receive, send)
            return
    
        response_started = False
    
        async def _send(message: Message) -> None:
            nonlocal response_started, send
    
            if message["type"] == "http.response.start":
                response_started = True
            await send(message)
    
        try:
>           await self.app(scope, receive, _send)

..\..\AppData\Local\Programs\Python\Python311\Lib\site-packages\starlette\middleware\errors.py:164: 
_ _ _ _ _ _ _ _ _ _ _ _ _ _ _ _ _ _ _ _ _ _ _ _ _ _ _ _ _ _ _ _ _ _ _ _ _ _ _ _

self = <starlette.middleware.cors.CORSMiddleware object at 0x000002393C53A190>
scope = {'app': <fastapi.applications.FastAPI object at 0x00000239387FCA90>, 'client': ['testclient', 50000], 'endpoint': <function update_advisor_profile at 0x000002393C0E3BA0>, 'extensions': {'http.response.debug': {}}, ...}
receive = <function _TestClientTransport.handle_request.<locals>.receive at 0x000002393C5727A0>
send = <function ServerErrorMiddleware.__call__.<locals>._send at 0x000002393C5D0EA0>

    async def __call__(self, scope: Scope, receive: Receive, send: Send) -> None:
        if scope["type"] != "http":  # pragma: no cover
            await self.app(scope, receive, send)
            return
    
        method = scope["method"]
        headers = Headers(scope=scope)
        origin = headers.get("origin")
    
        if origin is None:
>           await self.app(scope, receive, send)

..\..\AppData\Local\Programs\Python\Python311\Lib\site-packages\starlette\middleware\cors.py:85: 
_ _ _ _ _ _ _ _ _ _ _ _ _ _ _ _ _ _ _ _ _ _ _ _ _ _ _ _ _ _ _ _ _ _ _ _ _ _ _ _

self = <starlette.middleware.base.BaseHTTPMiddleware object at 0x000002393C539390>
scope = {'app': <fastapi.applications.FastAPI object at 0x00000239387FCA90>, 'client': ['testclient', 50000], 'endpoint': <function update_advisor_profile at 0x000002393C0E3BA0>, 'extensions': {'http.response.debug': {}}, ...}
receive = <function _TestClientTransport.handle_request.<locals>.receive at 0x000002393C5727A0>
send = <function ServerErrorMiddleware.__call__.<locals>._send at 0x000002393C5D0EA0>

    async def __call__(self, scope: Scope, receive: Receive, send: Send) -> None:
        if scope["type"] != "http":
            await self.app(scope, receive, send)
            return
    
        request = _CachedRequest(scope, receive)
        wrapped_receive = request.wrapped_receive
        response_sent = anyio.Event()
    
        async def call_next(request: Request) -> Response:
            app_exc: Exception | None = None
            send_stream: ObjectSendStream[typing.MutableMapping[str, typing.Any]]
            recv_stream: ObjectReceiveStream[typing.MutableMapping[str, typing.Any]]
            send_stream, recv_stream = anyio.create_memory_object_stream()
    
            async def receive_or_disconnect() -> Message:
                if response_sent.is_set():
                    return {"type": "http.disconnect"}
    
                async with anyio.create_task_group() as task_group:
    
                    async def wrap(func: typing.Callable[[], typing.Awaitable[T]]) -> T:
                        result = await func()
                        task_group.cancel_scope.cancel()
                        return result
    
                    task_group.start_soon(wrap, response_sent.wait)
                    message = await wrap(wrapped_receive)
    
                if response_sent.is_set():
                    return {"type": "http.disconnect"}
    
                return message
    
            async def close_recv_stream_on_response_sent() -> None:
                await response_sent.wait()
                recv_stream.close()
    
            async def send_no_error(message: Message) -> None:
                try:
                    await send_stream.send(message)
                except anyio.BrokenResourceError:
                    # recv_stream has been closed, i.e. response_sent has been set.
                    return
    
            async def coro() -> None:
                nonlocal app_exc
    
                async with send_stream:
                    try:
                        await self.app(scope, receive_or_disconnect, send_no_error)
                    except Exception as exc:
                        app_exc = exc
    
            task_group.start_soon(close_recv_stream_on_response_sent)
            task_group.start_soon(coro)
    
            try:
                message = await recv_stream.receive()
                info = message.get("info", None)
                if message["type"] == "http.response.debug" and info is not None:
                    message = await recv_stream.receive()
            except anyio.EndOfStream:
                if app_exc is not None:
                    raise app_exc
                raise RuntimeError("No response returned.")
    
            assert message["type"] == "http.response.start"
    
            async def body_stream() -> typing.AsyncGenerator[bytes, None]:
                async with recv_stream:
                    async for message in recv_stream:
                        assert message["type"] == "http.response.body"
                        body = message.get("body", b"")
                        if body:
                            yield body
                        if not message.get("more_body", False):
                            break
    
                if app_exc is not None:
                    raise app_exc
    
            response = _StreamingResponse(
                status_code=message["status"], content=body_stream(), info=info
            )
            response.raw_headers = message["headers"]
            return response
    
>       with collapse_excgroups():

..\..\AppData\Local\Programs\Python\Python311\Lib\site-packages\starlette\middleware\base.py:189: 
_ _ _ _ _ _ _ _ _ _ _ _ _ _ _ _ _ _ _ _ _ _ _ _ _ _ _ _ _ _ _ _ _ _ _ _ _ _ _ _

self = <contextlib._GeneratorContextManager object at 0x000002393C617990>
typ = <class 'ExceptionGroup'>
value = ExceptionGroup('unhandled errors in a TaskGroup', [OperationalError('(sqlite3.OperationalError) no such table: copilot_profiles')])
traceback = <traceback object at 0x000002393C6998C0>

    def __exit__(self, typ, value, traceback):
        if typ is None:
            try:
                next(self.gen)
            except StopIteration:
                return False
            else:
                try:
                    raise RuntimeError("generator didn't stop")
                finally:
                    self.gen.close()
        else:
            if value is None:
                # Need to force instantiation so we can reliably
                # tell if we get the same exception back
                value = typ()
            try:
>               self.gen.throw(typ, value, traceback)

..\..\AppData\Local\Programs\Python\Python311\Lib\contextlib.py:158: 
_ _ _ _ _ _ _ _ _ _ _ _ _ _ _ _ _ _ _ _ _ _ _ _ _ _ _ _ _ _ _ _ _ _ _ _ _ _ _ _

    @contextmanager
    def collapse_excgroups() -> typing.Generator[None, None, None]:
        try:
            yield
        except BaseException as exc:
            if has_exceptiongroups:
                while isinstance(exc, BaseExceptionGroup) and len(exc.exceptions) == 1:
                    exc = exc.exceptions[0]  # pragma: no cover
    
>           raise exc

..\..\AppData\Local\Programs\Python\Python311\Lib\site-packages\starlette\_utils.py:93: 
_ _ _ _ _ _ _ _ _ _ _ _ _ _ _ _ _ _ _ _ _ _ _ _ _ _ _ _ _ _ _ _ _ _ _ _ _ _ _ _

self = <starlette.middleware.base.BaseHTTPMiddleware object at 0x000002393C539390>
scope = {'app': <fastapi.applications.FastAPI object at 0x00000239387FCA90>, 'client': ['testclient', 50000], 'endpoint': <function update_advisor_profile at 0x000002393C0E3BA0>, 'extensions': {'http.response.debug': {}}, ...}
receive = <function _TestClientTransport.handle_request.<locals>.receive at 0x000002393C5727A0>
send = <function ServerErrorMiddleware.__call__.<locals>._send at 0x000002393C5D0EA0>

    async def __call__(self, scope: Scope, receive: Receive, send: Send) -> None:
        if scope["type"] != "http":
            await self.app(scope, receive, send)
            return
    
        request = _CachedRequest(scope, receive)
        wrapped_receive = request.wrapped_receive
        response_sent = anyio.Event()
    
        async def call_next(request: Request) -> Response:
            app_exc: Exception | None = None
            send_stream: ObjectSendStream[typing.MutableMapping[str, typing.Any]]
            recv_stream: ObjectReceiveStream[typing.MutableMapping[str, typing.Any]]
            send_stream, recv_stream = anyio.create_memory_object_stream()
    
            async def receive_or_disconnect() -> Message:
                if response_sent.is_set():
                    return {"type": "http.disconnect"}
    
                async with anyio.create_task_group() as task_group:
    
                    async def wrap(func: typing.Callable[[], typing.Awaitable[T]]) -> T:
                        result = await func()
                        task_group.cancel_scope.cancel()
                        return result
    
                    task_group.start_soon(wrap, response_sent.wait)
                    message = await wrap(wrapped_receive)
    
                if response_sent.is_set():
                    return {"type": "http.disconnect"}
    
                return message
    
            async def close_recv_stream_on_response_sent() -> None:
                await response_sent.wait()
                recv_stream.close()
    
            async def send_no_error(message: Message) -> None:
                try:
                    await send_stream.send(message)
                except anyio.BrokenResourceError:
                    # recv_stream has been closed, i.e. response_sent has been set.
                    return
    
            async def coro() -> None:
                nonlocal app_exc
    
                async with send_stream:
                    try:
                        await self.app(scope, receive_or_disconnect, send_no_error)
                    except Exception as exc:
                        app_exc = exc
    
            task_group.start_soon(close_recv_stream_on_response_sent)
            task_group.start_soon(coro)
    
            try:
                message = await recv_stream.receive()
                info = message.get("info", None)
                if message["type"] == "http.response.debug" and info is not None:
                    message = await recv_stream.receive()
            except anyio.EndOfStream:
                if app_exc is not None:
                    raise app_exc
                raise RuntimeError("No response returned.")
    
            assert message["type"] == "http.response.start"
    
            async def body_stream() -> typing.AsyncGenerator[bytes, None]:
                async with recv_stream:
                    async for message in recv_stream:
                        assert message["type"] == "http.response.body"
                        body = message.get("body", b"")
                        if body:
                            yield body
                        if not message.get("more_body", False):
                            break
    
                if app_exc is not None:
                    raise app_exc
    
            response = _StreamingResponse(
                status_code=message["status"], content=body_stream(), info=info
            )
            response.raw_headers = message["headers"]
            return response
    
        with collapse_excgroups():
            async with anyio.create_task_group() as task_group:
>               response = await self.dispatch_func(request, call_next)

..\..\AppData\Local\Programs\Python\Python311\Lib\site-packages\starlette\middleware\base.py:191: 
_ _ _ _ _ _ _ _ _ _ _ _ _ _ _ _ _ _ _ _ _ _ _ _ _ _ _ _ _ _ _ _ _ _ _ _ _ _ _ _

request = <starlette.middleware.base._CachedRequest object at 0x000002393C6179D0>
call_next = <function BaseHTTPMiddleware.__call__.<locals>.call_next at 0x000002393C5D0F40>

    @app.middleware("http")
    async def add_process_time_header(request: Request, call_next):
        import time
        start_time = time.time()
>       response = await call_next(request)

backend\main.py:148: 
_ _ _ _ _ _ _ _ _ _ _ _ _ _ _ _ _ _ _ _ _ _ _ _ _ _ _ _ _ _ _ _ _ _ _ _ _ _ _ _

request = <starlette.middleware.base._CachedRequest object at 0x000002393C6179D0>

    async def call_next(request: Request) -> Response:
        app_exc: Exception | None = None
        send_stream: ObjectSendStream[typing.MutableMapping[str, typing.Any]]
        recv_stream: ObjectReceiveStream[typing.MutableMapping[str, typing.Any]]
        send_stream, recv_stream = anyio.create_memory_object_stream()
    
        async def receive_or_disconnect() -> Message:
            if response_sent.is_set():
                return {"type": "http.disconnect"}
    
            async with anyio.create_task_group() as task_group:
    
                async def wrap(func: typing.Callable[[], typing.Awaitable[T]]) -> T:
                    result = await func()
                    task_group.cancel_scope.cancel()
                    return result
    
                task_group.start_soon(wrap, response_sent.wait)
                message = await wrap(wrapped_receive)
    
            if response_sent.is_set():
                return {"type": "http.disconnect"}
    
            return message
    
        async def close_recv_stream_on_response_sent() -> None:
            await response_sent.wait()
            recv_stream.close()
    
        async def send_no_error(message: Message) -> None:
            try:
                await send_stream.send(message)
            except anyio.BrokenResourceError:
                # recv_stream has been closed, i.e. response_sent has been set.
                return
    
        async def coro() -> None:
            nonlocal app_exc
    
            async with send_stream:
                try:
                    await self.app(scope, receive_or_disconnect, send_no_error)
                except Exception as exc:
                    app_exc = exc
    
        task_group.start_soon(close_recv_stream_on_response_sent)
        task_group.start_soon(coro)
    
        try:
            message = await recv_stream.receive()
            info = message.get("info", None)
            if message["type"] == "http.response.debug" and info is not None:
                message = await recv_stream.receive()
        except anyio.EndOfStream:
            if app_exc is not None:
>               raise app_exc

..\..\AppData\Local\Programs\Python\Python311\Lib\site-packages\starlette\middleware\base.py:165: 
_ _ _ _ _ _ _ _ _ _ _ _ _ _ _ _ _ _ _ _ _ _ _ _ _ _ _ _ _ _ _ _ _ _ _ _ _ _ _ _

    async def coro() -> None:
        nonlocal app_exc
    
        async with send_stream:
            try:
>               await self.app(scope, receive_or_disconnect, send_no_error)

..\..\AppData\Local\Programs\Python\Python311\Lib\site-packages\starlette\middleware\base.py:151: 
_ _ _ _ _ _ _ _ _ _ _ _ _ _ _ _ _ _ _ _ _ _ _ _ _ _ _ _ _ _ _ _ _ _ _ _ _ _ _ _

self = <starlette.middleware.base.BaseHTTPMiddleware object at 0x000002393C539C50>
scope = {'app': <fastapi.applications.FastAPI object at 0x00000239387FCA90>, 'client': ['testclient', 50000], 'endpoint': <function update_advisor_profile at 0x000002393C0E3BA0>, 'extensions': {'http.response.debug': {}}, ...}
receive = <function BaseHTTPMiddleware.__call__.<locals>.call_next.<locals>.receive_or_disconnect at 0x000002393C5D0FE0>
send = <function BaseHTTPMiddleware.__call__.<locals>.call_next.<locals>.send_no_error at 0x000002393C5D1120>

    async def __call__(self, scope: Scope, receive: Receive, send: Send) -> None:
        if scope["type"] != "http":
            await self.app(scope, receive, send)
            return
    
        request = _CachedRequest(scope, receive)
        wrapped_receive = request.wrapped_receive
        response_sent = anyio.Event()
    
        async def call_next(request: Request) -> Response:
            app_exc: Exception | None = None
            send_stream: ObjectSendStream[typing.MutableMapping[str, typing.Any]]
            recv_stream: ObjectReceiveStream[typing.MutableMapping[str, typing.Any]]
            send_stream, recv_stream = anyio.create_memory_object_stream()
    
            async def receive_or_disconnect() -> Message:
                if response_sent.is_set():
                    return {"type": "http.disconnect"}
    
                async with anyio.create_task_group() as task_group:
    
                    async def wrap(func: typing.Callable[[], typing.Awaitable[T]]) -> T:
                        result = await func()
                        task_group.cancel_scope.cancel()
                        return result
    
                    task_group.start_soon(wrap, response_sent.wait)
                    message = await wrap(wrapped_receive)
    
                if response_sent.is_set():
                    return {"type": "http.disconnect"}
    
                return message
    
            async def close_recv_stream_on_response_sent() -> None:
                await response_sent.wait()
                recv_stream.close()
    
            async def send_no_error(message: Message) -> None:
                try:
                    await send_stream.send(message)
                except anyio.BrokenResourceError:
                    # recv_stream has been closed, i.e. response_sent has been set.
                    return
    
            async def coro() -> None:
                nonlocal app_exc
    
                async with send_stream:
                    try:
                        await self.app(scope, receive_or_disconnect, send_no_error)
                    except Exception as exc:
                        app_exc = exc
    
            task_group.start_soon(close_recv_stream_on_response_sent)
            task_group.start_soon(coro)
    
            try:
                message = await recv_stream.receive()
                info = message.get("info", None)
                if message["type"] == "http.response.debug" and info is not None:
                    message = await recv_stream.receive()
            except anyio.EndOfStream:
                if app_exc is not None:
                    raise app_exc
                raise RuntimeError("No response returned.")
    
            assert message["type"] == "http.response.start"
    
            async def body_stream() -> typing.AsyncGenerator[bytes, None]:
                async with recv_stream:
                    async for message in recv_stream:
                        assert message["type"] == "http.response.body"
                        body = message.get("body", b"")
                        if body:
                            yield body
                        if not message.get("more_body", False):
                            break
    
                if app_exc is not None:
                    raise app_exc
    
            response = _StreamingResponse(
                status_code=message["status"], content=body_stream(), info=info
            )
            response.raw_headers = message["headers"]
            return response
    
>       with collapse_excgroups():

..\..\AppData\Local\Programs\Python\Python311\Lib\site-packages\starlette\middleware\base.py:189: 
_ _ _ _ _ _ _ _ _ _ _ _ _ _ _ _ _ _ _ _ _ _ _ _ _ _ _ _ _ _ _ _ _ _ _ _ _ _ _ _

self = <contextlib._GeneratorContextManager object at 0x000002393C617E50>
typ = <class 'ExceptionGroup'>
value = ExceptionGroup('unhandled errors in a TaskGroup', [OperationalError('(sqlite3.OperationalError) no such table: copilot_profiles')])
traceback = <traceback object at 0x000002393C699740>

    def __exit__(self, typ, value, traceback):
        if typ is None:
            try:
                next(self.gen)
            except StopIteration:
                return False
            else:
                try:
                    raise RuntimeError("generator didn't stop")
                finally:
                    self.gen.close()
        else:
            if value is None:
                # Need to force instantiation so we can reliably
                # tell if we get the same exception back
                value = typ()
            try:
>               self.gen.throw(typ, value, traceback)

..\..\AppData\Local\Programs\Python\Python311\Lib\contextlib.py:158: 
_ _ _ _ _ _ _ _ _ _ _ _ _ _ _ _ _ _ _ _ _ _ _ _ _ _ _ _ _ _ _ _ _ _ _ _ _ _ _ _

    @contextmanager
    def collapse_excgroups() -> typing.Generator[None, None, None]:
        try:
            yield
        except BaseException as exc:
            if has_exceptiongroups:
                while isinstance(exc, BaseExceptionGroup) and len(exc.exceptions) == 1:
                    exc = exc.exceptions[0]  # pragma: no cover
    
>           raise exc

..\..\AppData\Local\Programs\Python\Python311\Lib\site-packages\starlette\_utils.py:93: 
_ _ _ _ _ _ _ _ _ _ _ _ _ _ _ _ _ _ _ _ _ _ _ _ _ _ _ _ _ _ _ _ _ _ _ _ _ _ _ _

self = <starlette.middleware.base.BaseHTTPMiddleware object at 0x000002393C539C50>
scope = {'app': <fastapi.applications.FastAPI object at 0x00000239387FCA90>, 'client': ['testclient', 50000], 'endpoint': <function update_advisor_profile at 0x000002393C0E3BA0>, 'extensions': {'http.response.debug': {}}, ...}
receive = <function BaseHTTPMiddleware.__call__.<locals>.call_next.<locals>.receive_or_disconnect at 0x000002393C5D0FE0>
send = <function BaseHTTPMiddleware.__call__.<locals>.call_next.<locals>.send_no_error at 0x000002393C5D1120>

    async def __call__(self, scope: Scope, receive: Receive, send: Send) -> None:
        if scope["type"] != "http":
            await self.app(scope, receive, send)
            return
    
        request = _CachedRequest(scope, receive)
        wrapped_receive = request.wrapped_receive
        response_sent = anyio.Event()
    
        async def call_next(request: Request) -> Response:
            app_exc: Exception | None = None
            send_stream: ObjectSendStream[typing.MutableMapping[str, typing.Any]]
            recv_stream: ObjectReceiveStream[typing.MutableMapping[str, typing.Any]]
            send_stream, recv_stream = anyio.create_memory_object_stream()
    
            async def receive_or_disconnect() -> Message:
                if response_sent.is_set():
                    return {"type": "http.disconnect"}
    
                async with anyio.create_task_group() as task_group:
    
                    async def wrap(func: typing.Callable[[], typing.Awaitable[T]]) -> T:
                        result = await func()
                        task_group.cancel_scope.cancel()
                        return result
    
                    task_group.start_soon(wrap, response_sent.wait)
                    message = await wrap(wrapped_receive)
    
                if response_sent.is_set():
                    return {"type": "http.disconnect"}
    
                return message
    
            async def close_recv_stream_on_response_sent() -> None:
                await response_sent.wait()
                recv_stream.close()
    
            async def send_no_error(message: Message) -> None:
                try:
                    await send_stream.send(message)
                except anyio.BrokenResourceError:
                    # recv_stream has been closed, i.e. response_sent has been set.
                    return
    
            async def coro() -> None:
                nonlocal app_exc
    
                async with send_stream:
                    try:
                        await self.app(scope, receive_or_disconnect, send_no_error)
                    except Exception as exc:
                        app_exc = exc
    
            task_group.start_soon(close_recv_stream_on_response_sent)
            task_group.start_soon(coro)
    
            try:
                message = await recv_stream.receive()
                info = message.get("info", None)
                if message["type"] == "http.response.debug" and info is not None:
                    message = await recv_stream.receive()
            except anyio.EndOfStream:
                if app_exc is not None:
                    raise app_exc
                raise RuntimeError("No response returned.")
    
            assert message["type"] == "http.response.start"
    
            async def body_stream() -> typing.AsyncGenerator[bytes, None]:
                async with recv_stream:
                    async for message in recv_stream:
                        assert message["type"] == "http.response.body"
                        body = message.get("body", b"")
                        if body:
                            yield body
                        if not message.get("more_body", False):
                            break
    
                if app_exc is not None:
                    raise app_exc
    
            response = _StreamingResponse(
                status_code=message["status"], content=body_stream(), info=info
            )
            response.raw_headers = message["headers"]
            return response
    
        with collapse_excgroups():
            async with anyio.create_task_group() as task_group:
>               response = await self.dispatch_func(request, call_next)

..\..\AppData\Local\Programs\Python\Python311\Lib\site-packages\starlette\middleware\base.py:191: 
_ _ _ _ _ _ _ _ _ _ _ _ _ _ _ _ _ _ _ _ _ _ _ _ _ _ _ _ _ _ _ _ _ _ _ _ _ _ _ _

request = <starlette.middleware.base._CachedRequest object at 0x000002393C617D50>
call_next = <function BaseHTTPMiddleware.__call__.<locals>.call_next at 0x000002393C5D13A0>

    @app.middleware("http")
    async def limit_upload_size(request: Request, call_next):
        if request.method == "POST":
            content_length = request.headers.get("content-length")
            if content_length:
                 if int(content_length) > 64 * 1024:
                     return Response("Payload too large", status_code=413)
>       return await call_next(request)

backend\main.py:116: 
_ _ _ _ _ _ _ _ _ _ _ _ _ _ _ _ _ _ _ _ _ _ _ _ _ _ _ _ _ _ _ _ _ _ _ _ _ _ _ _

request = <starlette.middleware.base._CachedRequest object at 0x000002393C617D50>

    async def call_next(request: Request) -> Response:
        app_exc: Exception | None = None
        send_stream: ObjectSendStream[typing.MutableMapping[str, typing.Any]]
        recv_stream: ObjectReceiveStream[typing.MutableMapping[str, typing.Any]]
        send_stream, recv_stream = anyio.create_memory_object_stream()
    
        async def receive_or_disconnect() -> Message:
            if response_sent.is_set():
                return {"type": "http.disconnect"}
    
            async with anyio.create_task_group() as task_group:
    
                async def wrap(func: typing.Callable[[], typing.Awaitable[T]]) -> T:
                    result = await func()
                    task_group.cancel_scope.cancel()
                    return result
    
                task_group.start_soon(wrap, response_sent.wait)
                message = await wrap(wrapped_receive)
    
            if response_sent.is_set():
                return {"type": "http.disconnect"}
    
            return message
    
        async def close_recv_stream_on_response_sent() -> None:
            await response_sent.wait()
            recv_stream.close()
    
        async def send_no_error(message: Message) -> None:
            try:
                await send_stream.send(message)
            except anyio.BrokenResourceError:
                # recv_stream has been closed, i.e. response_sent has been set.
                return
    
        async def coro() -> None:
            nonlocal app_exc
    
            async with send_stream:
                try:
                    await self.app(scope, receive_or_disconnect, send_no_error)
                except Exception as exc:
                    app_exc = exc
    
        task_group.start_soon(close_recv_stream_on_response_sent)
        task_group.start_soon(coro)
    
        try:
            message = await recv_stream.receive()
            info = message.get("info", None)
            if message["type"] == "http.response.debug" and info is not None:
                message = await recv_stream.receive()
        except anyio.EndOfStream:
            if app_exc is not None:
>               raise app_exc

..\..\AppData\Local\Programs\Python\Python311\Lib\site-packages\starlette\middleware\base.py:165: 
_ _ _ _ _ _ _ _ _ _ _ _ _ _ _ _ _ _ _ _ _ _ _ _ _ _ _ _ _ _ _ _ _ _ _ _ _ _ _ _

    async def coro() -> None:
        nonlocal app_exc
    
        async with send_stream:
            try:
>               await self.app(scope, receive_or_disconnect, send_no_error)

..\..\AppData\Local\Programs\Python\Python311\Lib\site-packages\starlette\middleware\base.py:151: 
_ _ _ _ _ _ _ _ _ _ _ _ _ _ _ _ _ _ _ _ _ _ _ _ _ _ _ _ _ _ _ _ _ _ _ _ _ _ _ _

self = <slowapi.middleware.SlowAPIMiddleware object at 0x000002393BFD0E10>
scope = {'app': <fastapi.applications.FastAPI object at 0x00000239387FCA90>, 'client': ['testclient', 50000], 'endpoint': <function update_advisor_profile at 0x000002393C0E3BA0>, 'extensions': {'http.response.debug': {}}, ...}
receive = <function BaseHTTPMiddleware.__call__.<locals>.call_next.<locals>.receive_or_disconnect at 0x000002393C5D1440>
send = <function BaseHTTPMiddleware.__call__.<locals>.call_next.<locals>.send_no_error at 0x000002393C5D1580>

    async def __call__(self, scope: Scope, receive: Receive, send: Send) -> None:
        if scope["type"] != "http":
            await self.app(scope, receive, send)
            return
    
        request = _CachedRequest(scope, receive)
        wrapped_receive = request.wrapped_receive
        response_sent = anyio.Event()
    
        async def call_next(request: Request) -> Response:
            app_exc: Exception | None = None
            send_stream: ObjectSendStream[typing.MutableMapping[str, typing.Any]]
            recv_stream: ObjectReceiveStream[typing.MutableMapping[str, typing.Any]]
            send_stream, recv_stream = anyio.create_memory_object_stream()
    
            async def receive_or_disconnect() -> Message:
                if response_sent.is_set():
                    return {"type": "http.disconnect"}
    
                async with anyio.create_task_group() as task_group:
    
                    async def wrap(func: typing.Callable[[], typing.Awaitable[T]]) -> T:
                        result = await func()
                        task_group.cancel_scope.cancel()
                        return result
    
                    task_group.start_soon(wrap, response_sent.wait)
                    message = await wrap(wrapped_receive)
    
                if response_sent.is_set():
                    return {"type": "http.disconnect"}
    
                return message
    
            async def close_recv_stream_on_response_sent() -> None:
                await response_sent.wait()
                recv_stream.close()
    
            async def send_no_error(message: Message) -> None:
                try:
                    await send_stream.send(message)
                except anyio.BrokenResourceError:
                    # recv_stream has been closed, i.e. response_sent has been set.
                    return
    
            async def coro() -> None:
                nonlocal app_exc
    
                async with send_stream:
                    try:
                        await self.app(scope, receive_or_disconnect, send_no_error)
                    except Exception as exc:
                        app_exc = exc
    
            task_group.start_soon(close_recv_stream_on_response_sent)
            task_group.start_soon(coro)
    
            try:
                message = await recv_stream.receive()
                info = message.get("info", None)
                if message["type"] == "http.response.debug" and info is not None:
                    message = await recv_stream.receive()
            except anyio.EndOfStream:
                if app_exc is not None:
                    raise app_exc
                raise RuntimeError("No response returned.")
    
            assert message["type"] == "http.response.start"
    
            async def body_stream() -> typing.AsyncGenerator[bytes, None]:
                async with recv_stream:
                    async for message in recv_stream:
                        assert message["type"] == "http.response.body"
                        body = message.get("body", b"")
                        if body:
                            yield body
                        if not message.get("more_body", False):
                            break
    
                if app_exc is not None:
                    raise app_exc
    
            response = _StreamingResponse(
                status_code=message["status"], content=body_stream(), info=info
            )
            response.raw_headers = message["headers"]
            return response
    
>       with collapse_excgroups():

..\..\AppData\Local\Programs\Python\Python311\Lib\site-packages\starlette\middleware\base.py:189: 
_ _ _ _ _ _ _ _ _ _ _ _ _ _ _ _ _ _ _ _ _ _ _ _ _ _ _ _ _ _ _ _ _ _ _ _ _ _ _ _

self = <contextlib._GeneratorContextManager object at 0x000002393C6384D0>
typ = <class 'ExceptionGroup'>
value = ExceptionGroup('unhandled errors in a TaskGroup', [OperationalError('(sqlite3.OperationalError) no such table: copilot_profiles')])
traceback = <traceback object at 0x000002393C6995C0>

    def __exit__(self, typ, value, traceback):
        if typ is None:
            try:
                next(self.gen)
            except StopIteration:
                return False
            else:
                try:
                    raise RuntimeError("generator didn't stop")
                finally:
                    self.gen.close()
        else:
            if value is None:
                # Need to force instantiation so we can reliably
                # tell if we get the same exception back
                value = typ()
            try:
>               self.gen.throw(typ, value, traceback)

..\..\AppData\Local\Programs\Python\Python311\Lib\contextlib.py:158: 
_ _ _ _ _ _ _ _ _ _ _ _ _ _ _ _ _ _ _ _ _ _ _ _ _ _ _ _ _ _ _ _ _ _ _ _ _ _ _ _

    @contextmanager
    def collapse_excgroups() -> typing.Generator[None, None, None]:
        try:
            yield
        except BaseException as exc:
            if has_exceptiongroups:
                while isinstance(exc, BaseExceptionGroup) and len(exc.exceptions) == 1:
                    exc = exc.exceptions[0]  # pragma: no cover
    
>           raise exc

..\..\AppData\Local\Programs\Python\Python311\Lib\site-packages\starlette\_utils.py:93: 
_ _ _ _ _ _ _ _ _ _ _ _ _ _ _ _ _ _ _ _ _ _ _ _ _ _ _ _ _ _ _ _ _ _ _ _ _ _ _ _

self = <slowapi.middleware.SlowAPIMiddleware object at 0x000002393BFD0E10>
scope = {'app': <fastapi.applications.FastAPI object at 0x00000239387FCA90>, 'client': ['testclient', 50000], 'endpoint': <function update_advisor_profile at 0x000002393C0E3BA0>, 'extensions': {'http.response.debug': {}}, ...}
receive = <function BaseHTTPMiddleware.__call__.<locals>.call_next.<locals>.receive_or_disconnect at 0x000002393C5D1440>
send = <function BaseHTTPMiddleware.__call__.<locals>.call_next.<locals>.send_no_error at 0x000002393C5D1580>

    async def __call__(self, scope: Scope, receive: Receive, send: Send) -> None:
        if scope["type"] != "http":
            await self.app(scope, receive, send)
            return
    
        request = _CachedRequest(scope, receive)
        wrapped_receive = request.wrapped_receive
        response_sent = anyio.Event()
    
        async def call_next(request: Request) -> Response:
            app_exc: Exception | None = None
            send_stream: ObjectSendStream[typing.MutableMapping[str, typing.Any]]
            recv_stream: ObjectReceiveStream[typing.MutableMapping[str, typing.Any]]
            send_stream, recv_stream = anyio.create_memory_object_stream()
    
            async def receive_or_disconnect() -> Message:
                if response_sent.is_set():
                    return {"type": "http.disconnect"}
    
                async with anyio.create_task_group() as task_group:
    
                    async def wrap(func: typing.Callable[[], typing.Awaitable[T]]) -> T:
                        result = await func()
                        task_group.cancel_scope.cancel()
                        return result
    
                    task_group.start_soon(wrap, response_sent.wait)
                    message = await wrap(wrapped_receive)
    
                if response_sent.is_set():
                    return {"type": "http.disconnect"}
    
                return message
    
            async def close_recv_stream_on_response_sent() -> None:
                await response_sent.wait()
                recv_stream.close()
    
            async def send_no_error(message: Message) -> None:
                try:
                    await send_stream.send(message)
                except anyio.BrokenResourceError:
                    # recv_stream has been closed, i.e. response_sent has been set.
                    return
    
            async def coro() -> None:
                nonlocal app_exc
    
                async with send_stream:
                    try:
                        await self.app(scope, receive_or_disconnect, send_no_error)
                    except Exception as exc:
                        app_exc = exc
    
            task_group.start_soon(close_recv_stream_on_response_sent)
            task_group.start_soon(coro)
    
            try:
                message = await recv_stream.receive()
                info = message.get("info", None)
                if message["type"] == "http.response.debug" and info is not None:
                    message = await recv_stream.receive()
            except anyio.EndOfStream:
                if app_exc is not None:
                    raise app_exc
                raise RuntimeError("No response returned.")
    
            assert message["type"] == "http.response.start"
    
            async def body_stream() -> typing.AsyncGenerator[bytes, None]:
                async with recv_stream:
                    async for message in recv_stream:
                        assert message["type"] == "http.response.body"
                        body = message.get("body", b"")
                        if body:
                            yield body
                        if not message.get("more_body", False):
                            break
    
                if app_exc is not None:
                    raise app_exc
    
            response = _StreamingResponse(
                status_code=message["status"], content=body_stream(), info=info
            )
            response.raw_headers = message["headers"]
            return response
    
        with collapse_excgroups():
            async with anyio.create_task_group() as task_group:
>               response = await self.dispatch_func(request, call_next)

..\..\AppData\Local\Programs\Python\Python311\Lib\site-packages\starlette\middleware\base.py:191: 
_ _ _ _ _ _ _ _ _ _ _ _ _ _ _ _ _ _ _ _ _ _ _ _ _ _ _ _ _ _ _ _ _ _ _ _ _ _ _ _

self = <slowapi.middleware.SlowAPIMiddleware object at 0x000002393BFD0E10>
request = <starlette.middleware.base._CachedRequest object at 0x000002393C6383D0>
call_next = <function BaseHTTPMiddleware.__call__.<locals>.call_next at 0x000002393C5D1800>

    async def dispatch(
        self, request: Request, call_next: RequestResponseEndpoint
    ) -> Response:
        app: Starlette = request.app
        limiter: Limiter = app.state.limiter
    
        if not limiter.enabled:
            return await call_next(request)
    
        handler = _find_route_handler(app.routes, request.scope)
        if _should_exempt(limiter, handler):
            return await call_next(request)
    
        error_response, should_inject_headers = sync_check_limits(
            limiter, request, handler, app
        )
        if error_response is not None:
            return error_response
    
>       response = await call_next(request)

..\..\AppData\Local\Programs\Python\Python311\Lib\site-packages\slowapi\middleware.py:136: 
_ _ _ _ _ _ _ _ _ _ _ _ _ _ _ _ _ _ _ _ _ _ _ _ _ _ _ _ _ _ _ _ _ _ _ _ _ _ _ _

request = <starlette.middleware.base._CachedRequest object at 0x000002393C6383D0>

    async def call_next(request: Request) -> Response:
        app_exc: Exception | None = None
        send_stream: ObjectSendStream[typing.MutableMapping[str, typing.Any]]
        recv_stream: ObjectReceiveStream[typing.MutableMapping[str, typing.Any]]
        send_stream, recv_stream = anyio.create_memory_object_stream()
    
        async def receive_or_disconnect() -> Message:
            if response_sent.is_set():
                return {"type": "http.disconnect"}
    
            async with anyio.create_task_group() as task_group:
    
                async def wrap(func: typing.Callable[[], typing.Awaitable[T]]) -> T:
                    result = await func()
                    task_group.cancel_scope.cancel()
                    return result
    
                task_group.start_soon(wrap, response_sent.wait)
                message = await wrap(wrapped_receive)
    
            if response_sent.is_set():
                return {"type": "http.disconnect"}
    
            return message
    
        async def close_recv_stream_on_response_sent() -> None:
            await response_sent.wait()
            recv_stream.close()
    
        async def send_no_error(message: Message) -> None:
            try:
                await send_stream.send(message)
            except anyio.BrokenResourceError:
                # recv_stream has been closed, i.e. response_sent has been set.
                return
    
        async def coro() -> None:
            nonlocal app_exc
    
            async with send_stream:
                try:
                    await self.app(scope, receive_or_disconnect, send_no_error)
                except Exception as exc:
                    app_exc = exc
    
        task_group.start_soon(close_recv_stream_on_response_sent)
        task_group.start_soon(coro)
    
        try:
            message = await recv_stream.receive()
            info = message.get("info", None)
            if message["type"] == "http.response.debug" and info is not None:
                message = await recv_stream.receive()
        except anyio.EndOfStream:
            if app_exc is not None:
>               raise app_exc

..\..\AppData\Local\Programs\Python\Python311\Lib\site-packages\starlette\middleware\base.py:165: 
_ _ _ _ _ _ _ _ _ _ _ _ _ _ _ _ _ _ _ _ _ _ _ _ _ _ _ _ _ _ _ _ _ _ _ _ _ _ _ _

    async def coro() -> None:
        nonlocal app_exc
    
        async with send_stream:
            try:
>               await self.app(scope, receive_or_disconnect, send_no_error)

..\..\AppData\Local\Programs\Python\Python311\Lib\site-packages\starlette\middleware\base.py:151: 
_ _ _ _ _ _ _ _ _ _ _ _ _ _ _ _ _ _ _ _ _ _ _ _ _ _ _ _ _ _ _ _ _ _ _ _ _ _ _ _

self = <starlette.middleware.exceptions.ExceptionMiddleware object at 0x000002393C11CA90>
scope = {'app': <fastapi.applications.FastAPI object at 0x00000239387FCA90>, 'client': ['testclient', 50000], 'endpoint': <function update_advisor_profile at 0x000002393C0E3BA0>, 'extensions': {'http.response.debug': {}}, ...}
receive = <function BaseHTTPMiddleware.__call__.<locals>.call_next.<locals>.receive_or_disconnect at 0x000002393C5D1940>
send = <function BaseHTTPMiddleware.__call__.<locals>.call_next.<locals>.send_no_error at 0x000002393C5D1A80>

    async def __call__(self, scope: Scope, receive: Receive, send: Send) -> None:
        if scope["type"] not in ("http", "websocket"):
            await self.app(scope, receive, send)
            return
    
        scope["starlette.exception_handlers"] = (
            self._exception_handlers,
            self._status_handlers,
        )
    
        conn: Request | WebSocket
        if scope["type"] == "http":
            conn = Request(scope, receive, send)
        else:
            conn = WebSocket(scope, receive, send)
    
>       await wrap_app_handling_exceptions(self.app, conn)(scope, receive, send)

..\..\AppData\Local\Programs\Python\Python311\Lib\site-packages\starlette\middleware\exceptions.py:65: 
_ _ _ _ _ _ _ _ _ _ _ _ _ _ _ _ _ _ _ _ _ _ _ _ _ _ _ _ _ _ _ _ _ _ _ _ _ _ _ _

scope = {'app': <fastapi.applications.FastAPI object at 0x00000239387FCA90>, 'client': ['testclient', 50000], 'endpoint': <function update_advisor_profile at 0x000002393C0E3BA0>, 'extensions': {'http.response.debug': {}}, ...}
receive = <function BaseHTTPMiddleware.__call__.<locals>.call_next.<locals>.receive_or_disconnect at 0x000002393C5D1940>
send = <function BaseHTTPMiddleware.__call__.<locals>.call_next.<locals>.send_no_error at 0x000002393C5D1A80>

    async def wrapped_app(scope: Scope, receive: Receive, send: Send) -> None:
        response_started = False
    
        async def sender(message: Message) -> None:
            nonlocal response_started
    
            if message["type"] == "http.response.start":
                response_started = True
            await send(message)
    
        try:
            await app(scope, receive, sender)
        except Exception as exc:
            handler = None
    
            if isinstance(exc, HTTPException):
                handler = status_handlers.get(exc.status_code)
    
            if handler is None:
                handler = _lookup_exception_handler(exception_handlers, exc)
    
            if handler is None:
>               raise exc

..\..\AppData\Local\Programs\Python\Python311\Lib\site-packages\starlette\_exception_handler.py:64: 
_ _ _ _ _ _ _ _ _ _ _ _ _ _ _ _ _ _ _ _ _ _ _ _ _ _ _ _ _ _ _ _ _ _ _ _ _ _ _ _

scope = {'app': <fastapi.applications.FastAPI object at 0x00000239387FCA90>, 'client': ['testclient', 50000], 'endpoint': <function update_advisor_profile at 0x000002393C0E3BA0>, 'extensions': {'http.response.debug': {}}, ...}
receive = <function BaseHTTPMiddleware.__call__.<locals>.call_next.<locals>.receive_or_disconnect at 0x000002393C5D1940>
send = <function BaseHTTPMiddleware.__call__.<locals>.call_next.<locals>.send_no_error at 0x000002393C5D1A80>

    async def wrapped_app(scope: Scope, receive: Receive, send: Send) -> None:
        response_started = False
    
        async def sender(message: Message) -> None:
            nonlocal response_started
    
            if message["type"] == "http.response.start":
                response_started = True
            await send(message)
    
        try:
>           await app(scope, receive, sender)

..\..\AppData\Local\Programs\Python\Python311\Lib\site-packages\starlette\_exception_handler.py:53: 
_ _ _ _ _ _ _ _ _ _ _ _ _ _ _ _ _ _ _ _ _ _ _ _ _ _ _ _ _ _ _ _ _ _ _ _ _ _ _ _

self = <fastapi.routing.APIRouter object at 0x000002391FD84210>
scope = {'app': <fastapi.applications.FastAPI object at 0x00000239387FCA90>, 'client': ['testclient', 50000], 'endpoint': <function update_advisor_profile at 0x000002393C0E3BA0>, 'extensions': {'http.response.debug': {}}, ...}
receive = <function BaseHTTPMiddleware.__call__.<locals>.call_next.<locals>.receive_or_disconnect at 0x000002393C5D1940>
send = <function wrap_app_handling_exceptions.<locals>.wrapped_app.<locals>.sender at 0x000002393C5D1E40>

    async def __call__(self, scope: Scope, receive: Receive, send: Send) -> None:
        """
        The main entry point to the Router class.
        """
>       await self.middleware_stack(scope, receive, send)

..\..\AppData\Local\Programs\Python\Python311\Lib\site-packages\starlette\routing.py:756: 
_ _ _ _ _ _ _ _ _ _ _ _ _ _ _ _ _ _ _ _ _ _ _ _ _ _ _ _ _ _ _ _ _ _ _ _ _ _ _ _

self = <fastapi.routing.APIRouter object at 0x000002391FD84210>
scope = {'app': <fastapi.applications.FastAPI object at 0x00000239387FCA90>, 'client': ['testclient', 50000], 'endpoint': <function update_advisor_profile at 0x000002393C0E3BA0>, 'extensions': {'http.response.debug': {}}, ...}
receive = <function BaseHTTPMiddleware.__call__.<locals>.call_next.<locals>.receive_or_disconnect at 0x000002393C5D1940>
send = <function wrap_app_handling_exceptions.<locals>.wrapped_app.<locals>.sender at 0x000002393C5D1E40>

    async def app(self, scope: Scope, receive: Receive, send: Send) -> None:
        assert scope["type"] in ("http", "websocket", "lifespan")
    
        if "router" not in scope:
            scope["router"] = self
    
        if scope["type"] == "lifespan":
            await self.lifespan(scope, receive, send)
            return
    
        partial = None
    
        for route in self.routes:
            # Determine if any route matches the incoming scope,
            # and hand over to the matching route if found.
            match, child_scope = route.matches(scope)
            if match == Match.FULL:
                scope.update(child_scope)
>               await route.handle(scope, receive, send)

..\..\AppData\Local\Programs\Python\Python311\Lib\site-packages\starlette\routing.py:776: 
_ _ _ _ _ _ _ _ _ _ _ _ _ _ _ _ _ _ _ _ _ _ _ _ _ _ _ _ _ _ _ _ _ _ _ _ _ _ _ _

self = APIRoute(path='/advisor/profile', name='update_advisor_profile', methods=['PUT'])
scope = {'app': <fastapi.applications.FastAPI object at 0x00000239387FCA90>, 'client': ['testclient', 50000], 'endpoint': <function update_advisor_profile at 0x000002393C0E3BA0>, 'extensions': {'http.response.debug': {}}, ...}
receive = <function BaseHTTPMiddleware.__call__.<locals>.call_next.<locals>.receive_or_disconnect at 0x000002393C5D1940>
send = <function wrap_app_handling_exceptions.<locals>.wrapped_app.<locals>.sender at 0x000002393C5D1E40>

    async def handle(self, scope: Scope, receive: Receive, send: Send) -> None:
        if self.methods and scope["method"] not in self.methods:
            headers = {"Allow": ", ".join(self.methods)}
            if "app" in scope:
                raise HTTPException(status_code=405, headers=headers)
            else:
                response = PlainTextResponse(
                    "Method Not Allowed", status_code=405, headers=headers
                )
            await response(scope, receive, send)
        else:
>           await self.app(scope, receive, send)

..\..\AppData\Local\Programs\Python\Python311\Lib\site-packages\starlette\routing.py:297: 
_ _ _ _ _ _ _ _ _ _ _ _ _ _ _ _ _ _ _ _ _ _ _ _ _ _ _ _ _ _ _ _ _ _ _ _ _ _ _ _

scope = {'app': <fastapi.applications.FastAPI object at 0x00000239387FCA90>, 'client': ['testclient', 50000], 'endpoint': <function update_advisor_profile at 0x000002393C0E3BA0>, 'extensions': {'http.response.debug': {}}, ...}
receive = <function BaseHTTPMiddleware.__call__.<locals>.call_next.<locals>.receive_or_disconnect at 0x000002393C5D1940>
send = <function wrap_app_handling_exceptions.<locals>.wrapped_app.<locals>.sender at 0x000002393C5D1E40>

    async def app(scope: Scope, receive: Receive, send: Send) -> None:
        request = Request(scope, receive, send)
    
        async def app(scope: Scope, receive: Receive, send: Send) -> None:
            if is_async_callable(func):
                response = await func(request)
            else:
                response = await run_in_threadpool(func, request)
            await response(scope, receive, send)
    
>       await wrap_app_handling_exceptions(app, request)(scope, receive, send)

..\..\AppData\Local\Programs\Python\Python311\Lib\site-packages\starlette\routing.py:77: 
_ _ _ _ _ _ _ _ _ _ _ _ _ _ _ _ _ _ _ _ _ _ _ _ _ _ _ _ _ _ _ _ _ _ _ _ _ _ _ _

scope = {'app': <fastapi.applications.FastAPI object at 0x00000239387FCA90>, 'client': ['testclient', 50000], 'endpoint': <function update_advisor_profile at 0x000002393C0E3BA0>, 'extensions': {'http.response.debug': {}}, ...}
receive = <function BaseHTTPMiddleware.__call__.<locals>.call_next.<locals>.receive_or_disconnect at 0x000002393C5D1940>
send = <function wrap_app_handling_exceptions.<locals>.wrapped_app.<locals>.sender at 0x000002393C5D1E40>

    async def wrapped_app(scope: Scope, receive: Receive, send: Send) -> None:
        response_started = False
    
        async def sender(message: Message) -> None:
            nonlocal response_started
    
            if message["type"] == "http.response.start":
                response_started = True
            await send(message)
    
        try:
            await app(scope, receive, sender)
        except Exception as exc:
            handler = None
    
            if isinstance(exc, HTTPException):
                handler = status_handlers.get(exc.status_code)
    
            if handler is None:
                handler = _lookup_exception_handler(exception_handlers, exc)
    
            if handler is None:
>               raise exc

..\..\AppData\Local\Programs\Python\Python311\Lib\site-packages\starlette\_exception_handler.py:64: 
_ _ _ _ _ _ _ _ _ _ _ _ _ _ _ _ _ _ _ _ _ _ _ _ _ _ _ _ _ _ _ _ _ _ _ _ _ _ _ _

scope = {'app': <fastapi.applications.FastAPI object at 0x00000239387FCA90>, 'client': ['testclient', 50000], 'endpoint': <function update_advisor_profile at 0x000002393C0E3BA0>, 'extensions': {'http.response.debug': {}}, ...}
receive = <function BaseHTTPMiddleware.__call__.<locals>.call_next.<locals>.receive_or_disconnect at 0x000002393C5D1940>
send = <function wrap_app_handling_exceptions.<locals>.wrapped_app.<locals>.sender at 0x000002393C5D1E40>

    async def wrapped_app(scope: Scope, receive: Receive, send: Send) -> None:
        response_started = False
    
        async def sender(message: Message) -> None:
            nonlocal response_started
    
            if message["type"] == "http.response.start":
                response_started = True
            await send(message)
    
        try:
>           await app(scope, receive, sender)

..\..\AppData\Local\Programs\Python\Python311\Lib\site-packages\starlette\_exception_handler.py:53: 
_ _ _ _ _ _ _ _ _ _ _ _ _ _ _ _ _ _ _ _ _ _ _ _ _ _ _ _ _ _ _ _ _ _ _ _ _ _ _ _

scope = {'app': <fastapi.applications.FastAPI object at 0x00000239387FCA90>, 'client': ['testclient', 50000], 'endpoint': <function update_advisor_profile at 0x000002393C0E3BA0>, 'extensions': {'http.response.debug': {}}, ...}
receive = <function BaseHTTPMiddleware.__call__.<locals>.call_next.<locals>.receive_or_disconnect at 0x000002393C5D1940>
send = <function wrap_app_handling_exceptions.<locals>.wrapped_app.<locals>.sender at 0x000002393C5D2020>

    async def app(scope: Scope, receive: Receive, send: Send) -> None:
        if is_async_callable(func):
>           response = await func(request)

..\..\AppData\Local\Programs\Python\Python311\Lib\site-packages\starlette\routing.py:72: 
_ _ _ _ _ _ _ _ _ _ _ _ _ _ _ _ _ _ _ _ _ _ _ _ _ _ _ _ _ _ _ _ _ _ _ _ _ _ _ _

request = <starlette.requests.Request object at 0x000002393C638B50>

    async def app(request: Request) -> Response:
        response: Union[Response, None] = None
        async with AsyncExitStack() as file_stack:
            try:
                body: Any = None
                if body_field:
                    if is_body_form:
                        body = await request.form()
                        file_stack.push_async_callback(body.close)
                    else:
                        body_bytes = await request.body()
                        if body_bytes:
                            json_body: Any = Undefined
                            content_type_value = request.headers.get("content-type")
                            if not content_type_value:
                                json_body = await request.json()
                            else:
                                message = email.message.Message()
                                message["content-type"] = content_type_value
                                if message.get_content_maintype() == "application":
                                    subtype = message.get_content_subtype()
                                    if subtype == "json" or subtype.endswith("+json"):
                                        json_body = await request.json()
                            if json_body != Undefined:
                                body = json_body
                            else:
                                body = body_bytes
            except json.JSONDecodeError as e:
                validation_error = RequestValidationError(
                    [
                        {
                            "type": "json_invalid",
                            "loc": ("body", e.pos),
                            "msg": "JSON decode error",
                            "input": {},
                            "ctx": {"error": e.msg},
                        }
                    ],
                    body=e.doc,
                )
                raise validation_error from e
            except HTTPException:
                # If a middleware raises an HTTPException, it should be raised again
                raise
            except Exception as e:
                http_error = HTTPException(
                    status_code=400, detail="There was an error parsing the body"
                )
                raise http_error from e
            errors: List[Any] = []
            async with AsyncExitStack() as async_exit_stack:
                solved_result = await solve_dependencies(
                    request=request,
                    dependant=dependant,
                    body=body,
                    dependency_overrides_provider=dependency_overrides_provider,
                    async_exit_stack=async_exit_stack,
                )
                values, errors, background_tasks, sub_response, _ = solved_result
                if not errors:
>                   raw_response = await run_endpoint_function(
                        dependant=dependant, values=values, is_coroutine=is_coroutine
                    )

..\..\AppData\Local\Programs\Python\Python311\Lib\site-packages\fastapi\routing.py:278: 
_ _ _ _ _ _ _ _ _ _ _ _ _ _ _ _ _ _ _ _ _ _ _ _ _ _ _ _ _ _ _ _ _ _ _ _ _ _ _ _

    async def run_endpoint_function(
        *, dependant: Dependant, values: Dict[str, Any], is_coroutine: bool
    ) -> Any:
        # Only called by get_request_handler. Has been split into its own function to
        # facilitate profiling endpoints, since inner functions are harder to profile.
        assert dependant.call is not None, "dependant.call must be a function"
    
        if is_coroutine:
            return await dependant.call(**values)
        else:
>           return await run_in_threadpool(dependant.call, **values)

..\..\AppData\Local\Programs\Python\Python311\Lib\site-packages\fastapi\routing.py:193: 
_ _ _ _ _ _ _ _ _ _ _ _ _ _ _ _ _ _ _ _ _ _ _ _ _ _ _ _ _ _ _ _ _ _ _ _ _ _ _ _

func = functools.partial(<function update_advisor_profile at 0x000002393C0E3BA0>, db=<sqlalchemy.orm.session.Session object a...Update(trader_style='SCALPER', risk_tolerance='DEGEN', time_horizon='INTRADAY', custom_instructions='Only meme coins'))
args = ()
kwargs = {'current_user': <models_db.User object at 0x000002393C53B250>, 'db': <sqlalchemy.orm.session.Session object at 0x0000...Update(trader_style='SCALPER', risk_tolerance='DEGEN', time_horizon='INTRADAY', custom_instructions='Only meme coins')}

    async def run_in_threadpool(
        func: typing.Callable[P, T], *args: P.args, **kwargs: P.kwargs
    ) -> T:
        if kwargs:  # pragma: no cover
            # run_sync doesn't accept 'kwargs', so bind them in here
            func = functools.partial(func, **kwargs)
>       return await anyio.to_thread.run_sync(func, *args)

..\..\AppData\Local\Programs\Python\Python311\Lib\site-packages\starlette\concurrency.py:42: 
_ _ _ _ _ _ _ _ _ _ _ _ _ _ _ _ _ _ _ _ _ _ _ _ _ _ _ _ _ _ _ _ _ _ _ _ _ _ _ _

func = functools.partial(<function update_advisor_profile at 0x000002393C0E3BA0>, db=<sqlalchemy.orm.session.Session object a...Update(trader_style='SCALPER', risk_tolerance='DEGEN', time_horizon='INTRADAY', custom_instructions='Only meme coins'))
abandon_on_cancel = False, cancellable = None, limiter = None, args = ()

    async def run_sync(
        func: Callable[[Unpack[PosArgsT]], T_Retval],
        *args: Unpack[PosArgsT],
        abandon_on_cancel: bool = False,
        cancellable: bool | None = None,
        limiter: CapacityLimiter | None = None,
    ) -> T_Retval:
        """
        Call the given function with the given arguments in a worker thread.
    
        If the ``cancellable`` option is enabled and the task waiting for its completion is
        cancelled, the thread will still run its course but its return value (or any raised
        exception) will be ignored.
    
        :param func: a callable
        :param args: positional arguments for the callable
        :param abandon_on_cancel: ``True`` to abandon the thread (leaving it to run
            unchecked on own) if the host task is cancelled, ``False`` to ignore
            cancellations in the host task until the operation has completed in the worker
            thread
        :param cancellable: deprecated alias of ``abandon_on_cancel``; will override
            ``abandon_on_cancel`` if both parameters are passed
        :param limiter: capacity limiter to use to limit the total amount of threads running
            (if omitted, the default limiter is used)
        :return: an awaitable that yields the return value of the function.
    
        """
        if cancellable is not None:
            abandon_on_cancel = cancellable
            warn(
                "The `cancellable=` keyword argument to `anyio.to_thread.run_sync` is "
                "deprecated since AnyIO 4.1.0; use `abandon_on_cancel=` instead",
                DeprecationWarning,
                stacklevel=2,
            )
    
>       return await get_async_backend().run_sync_in_worker_thread(
            func, args, abandon_on_cancel=abandon_on_cancel, limiter=limiter
        )

..\..\AppData\Local\Programs\Python\Python311\Lib\site-packages\anyio\to_thread.py:56: 
_ _ _ _ _ _ _ _ _ _ _ _ _ _ _ _ _ _ _ _ _ _ _ _ _ _ _ _ _ _ _ _ _ _ _ _ _ _ _ _

cls = <class 'anyio._backends._asyncio.AsyncIOBackend'>
func = functools.partial(<function update_advisor_profile at 0x000002393C0E3BA0>, db=<sqlalchemy.orm.session.Session object a...Update(trader_style='SCALPER', risk_tolerance='DEGEN', time_horizon='INTRADAY', custom_instructions='Only meme coins'))
args = (), abandon_on_cancel = False, limiter = None

    @classmethod
    async def run_sync_in_worker_thread(  # type: ignore[return]
        cls,
        func: Callable[[Unpack[PosArgsT]], T_Retval],
        args: tuple[Unpack[PosArgsT]],
        abandon_on_cancel: bool = False,
        limiter: abc.CapacityLimiter | None = None,
    ) -> T_Retval:
        await cls.checkpoint()
    
        # If this is the first run in this event loop thread, set up the necessary
        # variables
        try:
            idle_workers = _threadpool_idle_workers.get()
            workers = _threadpool_workers.get()
        except LookupError:
            idle_workers = deque()
            workers = set()
            _threadpool_idle_workers.set(idle_workers)
            _threadpool_workers.set(workers)
    
        async with limiter or cls.current_default_thread_limiter():
            with CancelScope(shield=not abandon_on_cancel) as scope:
                future = asyncio.Future[T_Retval]()
                root_task = find_root_task()
                if not idle_workers:
                    worker = WorkerThread(root_task, workers, idle_workers)
                    worker.start()
                    workers.add(worker)
                    root_task.add_done_callback(
                        worker.stop, context=contextvars.Context()
                    )
                else:
                    worker = idle_workers.pop()
    
                    # Prune any other workers that have been idle for MAX_IDLE_TIME
                    # seconds or longer
                    now = cls.current_time()
                    while idle_workers:
                        if (
                            now - idle_workers[0].idle_since
                            < WorkerThread.MAX_IDLE_TIME
                        ):
                            break
    
                        expired_worker = idle_workers.popleft()
                        expired_worker.root_task.remove_done_callback(
                            expired_worker.stop
                        )
                        expired_worker.stop()
    
                context = copy_context()
                context.run(sniffio.current_async_library_cvar.set, None)
                if abandon_on_cancel or scope._parent_scope is None:
                    worker_scope = scope
                else:
                    worker_scope = scope._parent_scope
    
                worker.queue.put_nowait((context, func, args, future, worker_scope))
>               return await future

..\..\AppData\Local\Programs\Python\Python311\Lib\site-packages\anyio\_backends\_asyncio.py:2470: 
_ _ _ _ _ _ _ _ _ _ _ _ _ _ _ _ _ _ _ _ _ _ _ _ _ _ _ _ _ _ _ _ _ _ _ _ _ _ _ _

self = <WorkerThread(AnyIO worker thread, stopped daemon 12540)>

    def run(self) -> None:
        with claim_worker_thread(AsyncIOBackend, self.loop):
            while True:
                item = self.queue.get()
                if item is None:
                    # Shutdown command received
                    return
    
                context, func, args, future, cancel_scope = item
                if not future.cancelled():
                    result = None
                    exception: BaseException | None = None
                    threadlocals.current_cancel_scope = cancel_scope
                    try:
>                       result = context.run(func, *args)

..\..\AppData\Local\Programs\Python\Python311\Lib\site-packages\anyio\_backends\_asyncio.py:967: 
_ _ _ _ _ _ _ _ _ _ _ _ _ _ _ _ _ _ _ _ _ _ _ _ _ _ _ _ _ _ _ _ _ _ _ _ _ _ _ _

profile_update = CopilotProfileUpdate(trader_style='SCALPER', risk_tolerance='DEGEN', time_horizon='INTRADAY', custom_instructions='Only meme coins')
db = <sqlalchemy.orm.session.Session object at 0x000002393C5394D0>
current_user = <models_db.User object at 0x000002393C53B250>

    @router.put("/profile", response_model=CopilotProfileResp)
    def update_advisor_profile(
        profile_update: CopilotProfileUpdate,
        db: Session = Depends(get_db),
        current_user: User = Depends(get_current_user)
    ):
        """
        Update the user's Copilot profile.
        """
>       profile = db.query(CopilotProfile).filter(CopilotProfile.user_id == current_user.id).first()

backend\routers\advisor.py:222: 
_ _ _ _ _ _ _ _ _ _ _ _ _ _ _ _ _ _ _ _ _ _ _ _ _ _ _ _ _ _ _ _ _ _ _ _ _ _ _ _

self = <sqlalchemy.orm.query.Query object at 0x000002393C674B50>

    def first(self) -> Optional[_T]:
        """Return the first result of this ``Query`` or
        None if the result doesn't contain any row.
    
        first() applies a limit of one within the generated SQL, so that
        only one primary entity row is generated on the server side
        (note this may consist of multiple result rows if join-loaded
        collections are present).
    
        Calling :meth:`_query.Query.first`
        results in an execution of the underlying
        query.
    
        .. seealso::
    
            :meth:`_query.Query.one`
    
            :meth:`_query.Query.one_or_none`
    
            :meth:`_engine.Result.first` - v2 comparable method.
    
            :meth:`_engine.Result.scalars` - v2 comparable method.
    
        """
        # replicates limit(1) behavior
        if self._statement is not None:
            return self._iter().first()  # type: ignore
        else:
>           return self.limit(1)._iter().first()  # type: ignore

..\..\AppData\Local\Programs\Python\Python311\Lib\site-packages\sqlalchemy\orm\query.py:2759: 
_ _ _ _ _ _ _ _ _ _ _ _ _ _ _ _ _ _ _ _ _ _ _ _ _ _ _ _ _ _ _ _ _ _ _ _ _ _ _ _

self = <sqlalchemy.orm.query.Query object at 0x000002393C668C10>

    def _iter(self) -> Union[ScalarResult[_T], Result[_T]]:
        # new style execution.
        params = self._params
    
        statement = self._statement_20()
>       result: Union[ScalarResult[_T], Result[_T]] = self.session.execute(
            statement,
            params,
            execution_options={"_sa_orm_load_options": self.load_options},
        )

..\..\AppData\Local\Programs\Python\Python311\Lib\site-packages\sqlalchemy\orm\query.py:2857: 
_ _ _ _ _ _ _ _ _ _ _ _ _ _ _ _ _ _ _ _ _ _ _ _ _ _ _ _ _ _ _ _ _ _ _ _ _ _ _ _

self = <sqlalchemy.orm.session.Session object at 0x000002393C5394D0>
statement = <sqlalchemy.sql.selectable.Select object at 0x000002393C674D50>
params = immutabledict({})

    def execute(
        self,
        statement: Executable,
        params: Optional[_CoreAnyExecuteParams] = None,
        *,
        execution_options: OrmExecuteOptionsParameter = util.EMPTY_DICT,
        bind_arguments: Optional[_BindArguments] = None,
        _parent_execute_state: Optional[Any] = None,
        _add_event: Optional[Any] = None,
    ) -> Result[Any]:
        r"""Execute a SQL expression construct.
    
        Returns a :class:`_engine.Result` object representing
        results of the statement execution.
    
        E.g.::
    
            from sqlalchemy import select
    
            result = session.execute(select(User).where(User.id == 5))
    
        The API contract of :meth:`_orm.Session.execute` is similar to that
        of :meth:`_engine.Connection.execute`, the :term:`2.0 style` version
        of :class:`_engine.Connection`.
    
        .. versionchanged:: 1.4 the :meth:`_orm.Session.execute` method is
           now the primary point of ORM statement execution when using
           :term:`2.0 style` ORM usage.
    
        :param statement:
            An executable statement (i.e. an :class:`.Executable` expression
            such as :func:`_expression.select`).
    
        :param params:
            Optional dictionary, or list of dictionaries, containing
            bound parameter values.   If a single dictionary, single-row
            execution occurs; if a list of dictionaries, an
            "executemany" will be invoked.  The keys in each dictionary
            must correspond to parameter names present in the statement.
    
        :param execution_options: optional dictionary of execution options,
         which will be associated with the statement execution.  This
         dictionary can provide a subset of the options that are accepted
         by :meth:`_engine.Connection.execution_options`, and may also
         provide additional options understood only in an ORM context.
    
         .. seealso::
    
            :ref:`orm_queryguide_execution_options` - ORM-specific execution
            options
    
        :param bind_arguments: dictionary of additional arguments to determine
         the bind.  May include "mapper", "bind", or other custom arguments.
         Contents of this dictionary are passed to the
         :meth:`.Session.get_bind` method.
    
        :return: a :class:`_engine.Result` object.
    
    
        """
>       return self._execute_internal(
            statement,
            params,
            execution_options=execution_options,
            bind_arguments=bind_arguments,
            _parent_execute_state=_parent_execute_state,
            _add_event=_add_event,
        )

..\..\AppData\Local\Programs\Python\Python311\Lib\site-packages\sqlalchemy\orm\session.py:2351: 
_ _ _ _ _ _ _ _ _ _ _ _ _ _ _ _ _ _ _ _ _ _ _ _ _ _ _ _ _ _ _ _ _ _ _ _ _ _ _ _

self = <sqlalchemy.orm.session.Session object at 0x000002393C5394D0>
statement = <sqlalchemy.sql.selectable.Select object at 0x000002393C674D50>
params = immutabledict({})

    def _execute_internal(
        self,
        statement: Executable,
        params: Optional[_CoreAnyExecuteParams] = None,
        *,
        execution_options: OrmExecuteOptionsParameter = util.EMPTY_DICT,
        bind_arguments: Optional[_BindArguments] = None,
        _parent_execute_state: Optional[Any] = None,
        _add_event: Optional[Any] = None,
        _scalar_result: bool = False,
    ) -> Any:
        statement = coercions.expect(roles.StatementRole, statement)
    
        if not bind_arguments:
            bind_arguments = {}
        else:
            bind_arguments = dict(bind_arguments)
    
        if (
            statement._propagate_attrs.get("compile_state_plugin", None)
            == "orm"
        ):
            compile_state_cls = CompileState._get_plugin_class_for_plugin(
                statement, "orm"
            )
            if TYPE_CHECKING:
                assert isinstance(
                    compile_state_cls, context.AbstractORMCompileState
                )
        else:
            compile_state_cls = None
            bind_arguments.setdefault("clause", statement)
    
        execution_options = util.coerce_to_immutabledict(execution_options)
    
        if _parent_execute_state:
            events_todo = _parent_execute_state._remaining_events()
        else:
            events_todo = self.dispatch.do_orm_execute
            if _add_event:
                events_todo = list(events_todo) + [_add_event]
    
        if events_todo:
            if compile_state_cls is not None:
                # for event handlers, do the orm_pre_session_exec
                # pass ahead of the event handlers, so that things like
                # .load_options, .update_delete_options etc. are populated.
                # is_pre_event=True allows the hook to hold off on things
                # it doesn't want to do twice, including autoflush as well
                # as "pre fetch" for DML, etc.
                (
                    statement,
                    execution_options,
                ) = compile_state_cls.orm_pre_session_exec(
                    self,
                    statement,
                    params,
                    execution_options,
                    bind_arguments,
                    True,
                )
    
            orm_exec_state = ORMExecuteState(
                self,
                statement,
                params,
                execution_options,
                bind_arguments,
                compile_state_cls,
                events_todo,
            )
            for idx, fn in enumerate(events_todo):
                orm_exec_state._starting_event_idx = idx
                fn_result: Optional[Result[Any]] = fn(orm_exec_state)
                if fn_result:
                    if _scalar_result:
                        return fn_result.scalar()
                    else:
                        return fn_result
    
            statement = orm_exec_state.statement
            execution_options = orm_exec_state.local_execution_options
    
        if compile_state_cls is not None:
            # now run orm_pre_session_exec() "for real".   if there were
            # event hooks, this will re-run the steps that interpret
            # new execution_options into load_options / update_delete_options,
            # which we assume the event hook might have updated.
            # autoflush will also be invoked in this step if enabled.
            (
                statement,
                execution_options,
            ) = compile_state_cls.orm_pre_session_exec(
                self,
                statement,
                params,
                execution_options,
                bind_arguments,
                False,
            )
    
        bind = self.get_bind(**bind_arguments)
    
        conn = self._connection_for_bind(bind)
    
        if _scalar_result and not compile_state_cls:
            if TYPE_CHECKING:
                params = cast(_CoreSingleExecuteParams, params)
            return conn.scalar(
                statement, params or {}, execution_options=execution_options
            )
    
        if compile_state_cls:
>           result: Result[Any] = compile_state_cls.orm_execute_statement(
                self,
                statement,
                params or {},
                execution_options,
                bind_arguments,
                conn,
            )

..\..\AppData\Local\Programs\Python\Python311\Lib\site-packages\sqlalchemy\orm\session.py:2249: 
_ _ _ _ _ _ _ _ _ _ _ _ _ _ _ _ _ _ _ _ _ _ _ _ _ _ _ _ _ _ _ _ _ _ _ _ _ _ _ _

cls = <class 'sqlalchemy.orm.context.ORMSelectCompileState'>
session = <sqlalchemy.orm.session.Session object at 0x000002393C5394D0>
statement = <sqlalchemy.sql.selectable.Select object at 0x000002393C674D50>
params = {}
execution_options = immutabledict({'_sa_orm_load_options': default_load_options(_legacy_uniquing=True), '_result_disable_adapt_to_context': True})
bind_arguments = {'clause': <sqlalchemy.sql.selectable.Select object at 0x000002393C674D50>, 'mapper': <Mapper at 0x2393b6bb510; CopilotProfile>}
conn = <sqlalchemy.engine.base.Connection object at 0x000002393C4F3F50>

    @classmethod
    def orm_execute_statement(
        cls,
        session,
        statement,
        params,
        execution_options,
        bind_arguments,
        conn,
    ) -> Result:
>       result = conn.execute(
            statement, params or {}, execution_options=execution_options
        )

..\..\AppData\Local\Programs\Python\Python311\Lib\site-packages\sqlalchemy\orm\context.py:306: 
_ _ _ _ _ _ _ _ _ _ _ _ _ _ _ _ _ _ _ _ _ _ _ _ _ _ _ _ _ _ _ _ _ _ _ _ _ _ _ _

self = <sqlalchemy.engine.base.Connection object at 0x000002393C4F3F50>
statement = <sqlalchemy.sql.selectable.Select object at 0x000002393C674D50>
parameters = {}

    def execute(
        self,
        statement: Executable,
        parameters: Optional[_CoreAnyExecuteParams] = None,
        *,
        execution_options: Optional[CoreExecuteOptionsParameter] = None,
    ) -> CursorResult[Any]:
        r"""Executes a SQL statement construct and returns a
        :class:`_engine.CursorResult`.
    
        :param statement: The statement to be executed.  This is always
         an object that is in both the :class:`_expression.ClauseElement` and
         :class:`_expression.Executable` hierarchies, including:
    
         * :class:`_expression.Select`
         * :class:`_expression.Insert`, :class:`_expression.Update`,
           :class:`_expression.Delete`
         * :class:`_expression.TextClause` and
           :class:`_expression.TextualSelect`
         * :class:`_schema.DDL` and objects which inherit from
           :class:`_schema.ExecutableDDLElement`
    
        :param parameters: parameters which will be bound into the statement.
         This may be either a dictionary of parameter names to values,
         or a mutable sequence (e.g. a list) of dictionaries.  When a
         list of dictionaries is passed, the underlying statement execution
         will make use of the DBAPI ``cursor.executemany()`` method.
         When a single dictionary is passed, the DBAPI ``cursor.execute()``
         method will be used.
    
        :param execution_options: optional dictionary of execution options,
         which will be associated with the statement execution.  This
         dictionary can provide a subset of the options that are accepted
         by :meth:`_engine.Connection.execution_options`.
    
        :return: a :class:`_engine.Result` object.
    
        """
        distilled_parameters = _distill_params_20(parameters)
        try:
            meth = statement._execute_on_connection
        except AttributeError as err:
            raise exc.ObjectNotExecutableError(statement) from err
        else:
>           return meth(
                self,
                distilled_parameters,
                execution_options or NO_OPTIONS,
            )

..\..\AppData\Local\Programs\Python\Python311\Lib\site-packages\sqlalchemy\engine\base.py:1419: 
_ _ _ _ _ _ _ _ _ _ _ _ _ _ _ _ _ _ _ _ _ _ _ _ _ _ _ _ _ _ _ _ _ _ _ _ _ _ _ _

self = <sqlalchemy.sql.selectable.Select object at 0x000002393C674D50>
connection = <sqlalchemy.engine.base.Connection object at 0x000002393C4F3F50>
distilled_params = [{}]
execution_options = immutabledict({'_sa_orm_load_options': default_load_options(_legacy_uniquing=True), '_result_disable_adapt_to_context': True})

    def _execute_on_connection(
        self,
        connection: Connection,
        distilled_params: _CoreMultiExecuteParams,
        execution_options: CoreExecuteOptionsParameter,
    ) -> Result[Any]:
        if self.supports_execution:
            if TYPE_CHECKING:
                assert isinstance(self, Executable)
>           return connection._execute_clauseelement(
                self, distilled_params, execution_options
            )

..\..\AppData\Local\Programs\Python\Python311\Lib\site-packages\sqlalchemy\sql\elements.py:526: 
_ _ _ _ _ _ _ _ _ _ _ _ _ _ _ _ _ _ _ _ _ _ _ _ _ _ _ _ _ _ _ _ _ _ _ _ _ _ _ _

self = <sqlalchemy.engine.base.Connection object at 0x000002393C4F3F50>
elem = <sqlalchemy.sql.selectable.Select object at 0x000002393C674D50>
distilled_parameters = [{}]
execution_options = immutabledict({'_sa_orm_load_options': default_load_options(_legacy_uniquing=True), '_result_disable_adapt_to_context': True})

    def _execute_clauseelement(
        self,
        elem: Executable,
        distilled_parameters: _CoreMultiExecuteParams,
        execution_options: CoreExecuteOptionsParameter,
    ) -> CursorResult[Any]:
        """Execute a sql.ClauseElement object."""
    
        execution_options = elem._execution_options.merge_with(
            self._execution_options, execution_options
        )
    
        has_events = self._has_events or self.engine._has_events
        if has_events:
            (
                elem,
                distilled_parameters,
                event_multiparams,
                event_params,
            ) = self._invoke_before_exec_event(
                elem, distilled_parameters, execution_options
            )
    
        if distilled_parameters:
            # ensure we don't retain a link to the view object for keys()
            # which links to the values, which we don't want to cache
            keys = sorted(distilled_parameters[0])
            for_executemany = len(distilled_parameters) > 1
        else:
            keys = []
            for_executemany = False
    
        dialect = self.dialect
    
        schema_translate_map = execution_options.get(
            "schema_translate_map", None
        )
    
        compiled_cache: Optional[CompiledCacheType] = execution_options.get(
            "compiled_cache", self.engine._compiled_cache
        )
    
        compiled_sql, extracted_params, cache_hit = elem._compile_w_cache(
            dialect=dialect,
            compiled_cache=compiled_cache,
            column_keys=keys,
            for_executemany=for_executemany,
            schema_translate_map=schema_translate_map,
            linting=self.dialect.compiler_linting | compiler.WARN_LINTING,
        )
>       ret = self._execute_context(
            dialect,
            dialect.execution_ctx_cls._init_compiled,
            compiled_sql,
            distilled_parameters,
            execution_options,
            compiled_sql,
            distilled_parameters,
            elem,
            extracted_params,
            cache_hit=cache_hit,
        )

..\..\AppData\Local\Programs\Python\Python311\Lib\site-packages\sqlalchemy\engine\base.py:1641: 
_ _ _ _ _ _ _ _ _ _ _ _ _ _ _ _ _ _ _ _ _ _ _ _ _ _ _ _ _ _ _ _ _ _ _ _ _ _ _ _

self = <sqlalchemy.engine.base.Connection object at 0x000002393C4F3F50>
dialect = <sqlalchemy.dialects.sqlite.pysqlite.SQLiteDialect_pysqlite object at 0x000002393B5DFC10>
constructor = <bound method DefaultExecutionContext._init_compiled of <class 'sqlalchemy.dialects.sqlite.base.SQLiteExecutionContext'>>
statement = <sqlalchemy.dialects.sqlite.base.SQLiteCompiler object at 0x000002393C6759D0>
parameters = [{}]
execution_options = immutabledict({'_sa_orm_load_options': default_load_options(_legacy_uniquing=True), '_result_disable_adapt_to_context': True})
args = (<sqlalchemy.dialects.sqlite.base.SQLiteCompiler object at 0x000002393C6759D0>, [{}], <sqlalchemy.sql.selectable.Selec...er('%(2444849793744 user_id)s', 1, type_=Integer()), _OffsetLimitParam('%(2444849794128 param)s', 1, type_=Integer())])
kw = {'cache_hit': <CacheStats.CACHE_MISS: 1>}, yp = None
conn = <sqlalchemy.pool.base._ConnectionFairy object at 0x000002393C5DAF30>
context = <sqlalchemy.dialects.sqlite.base.SQLiteExecutionContext object at 0x000002393C4F3FD0>

    def _execute_context(
        self,
        dialect: Dialect,
        constructor: Callable[..., ExecutionContext],
        statement: Union[str, Compiled],
        parameters: Optional[_AnyMultiExecuteParams],
        execution_options: _ExecuteOptions,
        *args: Any,
        **kw: Any,
    ) -> CursorResult[Any]:
        """Create an :class:`.ExecutionContext` and execute, returning
        a :class:`_engine.CursorResult`."""
    
        if execution_options:
            yp = execution_options.get("yield_per", None)
            if yp:
                execution_options = execution_options.union(
                    {"stream_results": True, "max_row_buffer": yp}
                )
        try:
            conn = self._dbapi_connection
            if conn is None:
                conn = self._revalidate_connection()
    
            context = constructor(
                dialect, self, conn, execution_options, *args, **kw
            )
        except (exc.PendingRollbackError, exc.ResourceClosedError):
            raise
        except BaseException as e:
            self._handle_dbapi_exception(
                e, str(statement), parameters, None, None
            )
    
        if (
            self._transaction
            and not self._transaction.is_active
            or (
                self._nested_transaction
                and not self._nested_transaction.is_active
            )
        ):
            self._invalid_transaction()
    
        elif self._trans_context_manager:
            TransactionalContext._trans_ctx_check(self)
    
        if self._transaction is None:
            self._autobegin()
    
        context.pre_exec()
    
        if context.execute_style is ExecuteStyle.INSERTMANYVALUES:
            return self._exec_insertmany_context(dialect, context)
        else:
>           return self._exec_single_context(
                dialect, context, statement, parameters
            )

..\..\AppData\Local\Programs\Python\Python311\Lib\site-packages\sqlalchemy\engine\base.py:1846: 
_ _ _ _ _ _ _ _ _ _ _ _ _ _ _ _ _ _ _ _ _ _ _ _ _ _ _ _ _ _ _ _ _ _ _ _ _ _ _ _

self = <sqlalchemy.engine.base.Connection object at 0x000002393C4F3F50>
dialect = <sqlalchemy.dialects.sqlite.pysqlite.SQLiteDialect_pysqlite object at 0x000002393B5DFC10>
context = <sqlalchemy.dialects.sqlite.base.SQLiteExecutionContext object at 0x000002393C4F3FD0>
statement = <sqlalchemy.dialects.sqlite.base.SQLiteCompiler object at 0x000002393C6759D0>
parameters = [(1, 1, 0)]

    def _exec_single_context(
        self,
        dialect: Dialect,
        context: ExecutionContext,
        statement: Union[str, Compiled],
        parameters: Optional[_AnyMultiExecuteParams],
    ) -> CursorResult[Any]:
        """continue the _execute_context() method for a single DBAPI
        cursor.execute() or cursor.executemany() call.
    
        """
        if dialect.bind_typing is BindTyping.SETINPUTSIZES:
            generic_setinputsizes = context._prepare_set_input_sizes()
    
            if generic_setinputsizes:
                try:
                    dialect.do_set_input_sizes(
                        context.cursor, generic_setinputsizes, context
                    )
                except BaseException as e:
                    self._handle_dbapi_exception(
                        e, str(statement), parameters, None, context
                    )
    
        cursor, str_statement, parameters = (
            context.cursor,
            context.statement,
            context.parameters,
        )
    
        effective_parameters: Optional[_AnyExecuteParams]
    
        if not context.executemany:
            effective_parameters = parameters[0]
        else:
            effective_parameters = parameters
    
        if self._has_events or self.engine._has_events:
            for fn in self.dispatch.before_cursor_execute:
                str_statement, effective_parameters = fn(
                    self,
                    cursor,
                    str_statement,
                    effective_parameters,
                    context,
                    context.executemany,
                )
    
        if self._echo:
            self._log_info(str_statement)
    
            stats = context._get_cache_stats()
    
            if not self.engine.hide_parameters:
                self._log_info(
                    "[%s] %r",
                    stats,
                    sql_util._repr_params(
                        effective_parameters,
                        batches=10,
                        ismulti=context.executemany,
                    ),
                )
            else:
                self._log_info(
                    "[%s] [SQL parameters hidden due to hide_parameters=True]",
                    stats,
                )
    
        evt_handled: bool = False
        try:
            if context.execute_style is ExecuteStyle.EXECUTEMANY:
                effective_parameters = cast(
                    "_CoreMultiExecuteParams", effective_parameters
                )
                if self.dialect._has_events:
                    for fn in self.dialect.dispatch.do_executemany:
                        if fn(
                            cursor,
                            str_statement,
                            effective_parameters,
                            context,
                        ):
                            evt_handled = True
                            break
                if not evt_handled:
                    self.dialect.do_executemany(
                        cursor,
                        str_statement,
                        effective_parameters,
                        context,
                    )
            elif not effective_parameters and context.no_parameters:
                if self.dialect._has_events:
                    for fn in self.dialect.dispatch.do_execute_no_params:
                        if fn(cursor, str_statement, context):
                            evt_handled = True
                            break
                if not evt_handled:
                    self.dialect.do_execute_no_params(
                        cursor, str_statement, context
                    )
            else:
                effective_parameters = cast(
                    "_CoreSingleExecuteParams", effective_parameters
                )
                if self.dialect._has_events:
                    for fn in self.dialect.dispatch.do_execute:
                        if fn(
                            cursor,
                            str_statement,
                            effective_parameters,
                            context,
                        ):
                            evt_handled = True
                            break
                if not evt_handled:
                    self.dialect.do_execute(
                        cursor, str_statement, effective_parameters, context
                    )
    
            if self._has_events or self.engine._has_events:
                self.dispatch.after_cursor_execute(
                    self,
                    cursor,
                    str_statement,
                    effective_parameters,
                    context,
                    context.executemany,
                )
    
            context.post_exec()
    
            result = context._setup_result_proxy()
    
        except BaseException as e:
>           self._handle_dbapi_exception(
                e, str_statement, effective_parameters, cursor, context
            )

..\..\AppData\Local\Programs\Python\Python311\Lib\site-packages\sqlalchemy\engine\base.py:1986: 
_ _ _ _ _ _ _ _ _ _ _ _ _ _ _ _ _ _ _ _ _ _ _ _ _ _ _ _ _ _ _ _ _ _ _ _ _ _ _ _

self = <sqlalchemy.engine.base.Connection object at 0x000002393C4F3F50>
e = OperationalError('no such table: copilot_profiles')
statement = 'SELECT copilot_profiles.id AS copilot_profiles_id, copilot_profiles.user_id AS copilot_profiles_user_id, copilot_prof...ated_at AS copilot_profiles_updated_at \nFROM copilot_profiles \nWHERE copilot_profiles.user_id = ?\n LIMIT ? OFFSET ?'
parameters = (1, 1, 0), cursor = <sqlite3.Cursor object at 0x000002393C671640>
context = <sqlalchemy.dialects.sqlite.base.SQLiteExecutionContext object at 0x000002393C4F3FD0>
is_sub_exec = False

    def _handle_dbapi_exception(
        self,
        e: BaseException,
        statement: Optional[str],
        parameters: Optional[_AnyExecuteParams],
        cursor: Optional[DBAPICursor],
        context: Optional[ExecutionContext],
        is_sub_exec: bool = False,
    ) -> NoReturn:
        exc_info = sys.exc_info()
    
        is_exit_exception = util.is_exit_exception(e)
    
        if not self._is_disconnect:
            self._is_disconnect = (
                isinstance(e, self.dialect.loaded_dbapi.Error)
                and not self.closed
                and self.dialect.is_disconnect(
                    e,
                    self._dbapi_connection if not self.invalidated else None,
                    cursor,
                )
            ) or (is_exit_exception and not self.closed)
    
        invalidate_pool_on_disconnect = not is_exit_exception
    
        ismulti: bool = (
            not is_sub_exec and context.executemany
            if context is not None
            else False
        )
        if self._reentrant_error:
            raise exc.DBAPIError.instance(
                statement,
                parameters,
                e,
                self.dialect.loaded_dbapi.Error,
                hide_parameters=self.engine.hide_parameters,
                dialect=self.dialect,
                ismulti=ismulti,
            ).with_traceback(exc_info[2]) from e
        self._reentrant_error = True
        try:
            # non-DBAPI error - if we already got a context,
            # or there's no string statement, don't wrap it
            should_wrap = isinstance(e, self.dialect.loaded_dbapi.Error) or (
                statement is not None
                and context is None
                and not is_exit_exception
            )
    
            if should_wrap:
                sqlalchemy_exception = exc.DBAPIError.instance(
                    statement,
                    parameters,
                    cast(Exception, e),
                    self.dialect.loaded_dbapi.Error,
                    hide_parameters=self.engine.hide_parameters,
                    connection_invalidated=self._is_disconnect,
                    dialect=self.dialect,
                    ismulti=ismulti,
                )
            else:
                sqlalchemy_exception = None
    
            newraise = None
    
            if (self.dialect._has_events) and not self._execution_options.get(
                "skip_user_error_events", False
            ):
                ctx = ExceptionContextImpl(
                    e,
                    sqlalchemy_exception,
                    self.engine,
                    self.dialect,
                    self,
                    cursor,
                    statement,
                    parameters,
                    context,
                    self._is_disconnect,
                    invalidate_pool_on_disconnect,
                    False,
                )
    
                for fn in self.dialect.dispatch.handle_error:
                    try:
                        # handler returns an exception;
                        # call next handler in a chain
                        per_fn = fn(ctx)
                        if per_fn is not None:
                            ctx.chained_exception = newraise = per_fn
                    except Exception as _raised:
                        # handler raises an exception - stop processing
                        newraise = _raised
                        break
    
                if self._is_disconnect != ctx.is_disconnect:
                    self._is_disconnect = ctx.is_disconnect
                    if sqlalchemy_exception:
                        sqlalchemy_exception.connection_invalidated = (
                            ctx.is_disconnect
                        )
    
                # set up potentially user-defined value for
                # invalidate pool.
                invalidate_pool_on_disconnect = (
                    ctx.invalidate_pool_on_disconnect
                )
    
            if should_wrap and context:
                context.handle_dbapi_exception(e)
    
            if not self._is_disconnect:
                if cursor:
                    self._safe_close_cursor(cursor)
                # "autorollback" was mostly relevant in 1.x series.
                # It's very unlikely to reach here, as the connection
                # does autobegin so when we are here, we are usually
                # in an explicit / semi-explicit transaction.
                # however we have a test which manufactures this
                # scenario in any case using an event handler.
                # test/engine/test_execute.py-> test_actual_autorollback
                if not self.in_transaction():
                    self._rollback_impl()
    
            if newraise:
                raise newraise.with_traceback(exc_info[2]) from e
            elif should_wrap:
                assert sqlalchemy_exception is not None
>               raise sqlalchemy_exception.with_traceback(exc_info[2]) from e

..\..\AppData\Local\Programs\Python\Python311\Lib\site-packages\sqlalchemy\engine\base.py:2355: 
_ _ _ _ _ _ _ _ _ _ _ _ _ _ _ _ _ _ _ _ _ _ _ _ _ _ _ _ _ _ _ _ _ _ _ _ _ _ _ _

self = <sqlalchemy.engine.base.Connection object at 0x000002393C4F3F50>
dialect = <sqlalchemy.dialects.sqlite.pysqlite.SQLiteDialect_pysqlite object at 0x000002393B5DFC10>
context = <sqlalchemy.dialects.sqlite.base.SQLiteExecutionContext object at 0x000002393C4F3FD0>
statement = <sqlalchemy.dialects.sqlite.base.SQLiteCompiler object at 0x000002393C6759D0>
parameters = [(1, 1, 0)]

    def _exec_single_context(
        self,
        dialect: Dialect,
        context: ExecutionContext,
        statement: Union[str, Compiled],
        parameters: Optional[_AnyMultiExecuteParams],
    ) -> CursorResult[Any]:
        """continue the _execute_context() method for a single DBAPI
        cursor.execute() or cursor.executemany() call.
    
        """
        if dialect.bind_typing is BindTyping.SETINPUTSIZES:
            generic_setinputsizes = context._prepare_set_input_sizes()
    
            if generic_setinputsizes:
                try:
                    dialect.do_set_input_sizes(
                        context.cursor, generic_setinputsizes, context
                    )
                except BaseException as e:
                    self._handle_dbapi_exception(
                        e, str(statement), parameters, None, context
                    )
    
        cursor, str_statement, parameters = (
            context.cursor,
            context.statement,
            context.parameters,
        )
    
        effective_parameters: Optional[_AnyExecuteParams]
    
        if not context.executemany:
            effective_parameters = parameters[0]
        else:
            effective_parameters = parameters
    
        if self._has_events or self.engine._has_events:
            for fn in self.dispatch.before_cursor_execute:
                str_statement, effective_parameters = fn(
                    self,
                    cursor,
                    str_statement,
                    effective_parameters,
                    context,
                    context.executemany,
                )
    
        if self._echo:
            self._log_info(str_statement)
    
            stats = context._get_cache_stats()
    
            if not self.engine.hide_parameters:
                self._log_info(
                    "[%s] %r",
                    stats,
                    sql_util._repr_params(
                        effective_parameters,
                        batches=10,
                        ismulti=context.executemany,
                    ),
                )
            else:
                self._log_info(
                    "[%s] [SQL parameters hidden due to hide_parameters=True]",
                    stats,
                )
    
        evt_handled: bool = False
        try:
            if context.execute_style is ExecuteStyle.EXECUTEMANY:
                effective_parameters = cast(
                    "_CoreMultiExecuteParams", effective_parameters
                )
                if self.dialect._has_events:
                    for fn in self.dialect.dispatch.do_executemany:
                        if fn(
                            cursor,
                            str_statement,
                            effective_parameters,
                            context,
                        ):
                            evt_handled = True
                            break
                if not evt_handled:
                    self.dialect.do_executemany(
                        cursor,
                        str_statement,
                        effective_parameters,
                        context,
                    )
            elif not effective_parameters and context.no_parameters:
                if self.dialect._has_events:
                    for fn in self.dialect.dispatch.do_execute_no_params:
                        if fn(cursor, str_statement, context):
                            evt_handled = True
                            break
                if not evt_handled:
                    self.dialect.do_execute_no_params(
                        cursor, str_statement, context
                    )
            else:
                effective_parameters = cast(
                    "_CoreSingleExecuteParams", effective_parameters
                )
                if self.dialect._has_events:
                    for fn in self.dialect.dispatch.do_execute:
                        if fn(
                            cursor,
                            str_statement,
                            effective_parameters,
                            context,
                        ):
                            evt_handled = True
                            break
                if not evt_handled:
>                   self.dialect.do_execute(
                        cursor, str_statement, effective_parameters, context
                    )

..\..\AppData\Local\Programs\Python\Python311\Lib\site-packages\sqlalchemy\engine\base.py:1967: 
_ _ _ _ _ _ _ _ _ _ _ _ _ _ _ _ _ _ _ _ _ _ _ _ _ _ _ _ _ _ _ _ _ _ _ _ _ _ _ _

self = <sqlalchemy.dialects.sqlite.pysqlite.SQLiteDialect_pysqlite object at 0x000002393B5DFC10>
cursor = <sqlite3.Cursor object at 0x000002393C671640>
statement = 'SELECT copilot_profiles.id AS copilot_profiles_id, copilot_profiles.user_id AS copilot_profiles_user_id, copilot_prof...ated_at AS copilot_profiles_updated_at \nFROM copilot_profiles \nWHERE copilot_profiles.user_id = ?\n LIMIT ? OFFSET ?'
parameters = (1, 1, 0)
context = <sqlalchemy.dialects.sqlite.base.SQLiteExecutionContext object at 0x000002393C4F3FD0>

    def do_execute(self, cursor, statement, parameters, context=None):
>       cursor.execute(statement, parameters)
E       sqlalchemy.exc.OperationalError: (sqlite3.OperationalError) no such table: copilot_profiles
E       [SQL: SELECT copilot_profiles.id AS copilot_profiles_id, copilot_profiles.user_id AS copilot_profiles_user_id, copilot_profiles.trader_style AS copilot_profiles_trader_style, copilot_profiles.risk_tolerance AS copilot_profiles_risk_tolerance, copilot_profiles.time_horizon AS copilot_profiles_time_horizon, copilot_profiles.custom_instructions AS copilot_profiles_custom_instructions, copilot_profiles.updated_at AS copilot_profiles_updated_at 
E       FROM copilot_profiles 
E       WHERE copilot_profiles.user_id = ?
E        LIMIT ? OFFSET ?]
E       [parameters: (1, 1, 0)]
E       (Background on this error at: https://sqlalche.me/e/20/e3q8)

..\..\AppData\Local\Programs\Python\Python311\Lib\site-packages\sqlalchemy\engine\default.py:951: OperationalError

During handling of the above exception, another exception occurred:

    def test_update_profile():
        # Update
        payload = {
            "trader_style": "SCALPER",
            "risk_tolerance": "DEGEN",
            "custom_instructions": "Only meme coins"
        }
>       response = client.put("/advisor/profile", json=payload)

backend\tests\test_copilot_core.py:92: 
_ _ _ _ _ _ _ _ _ _ _ _ _ _ _ _ _ _ _ _ _ _ _ _ _ _ _ _ _ _ _ _ _ _ _ _ _ _ _ _
..\..\AppData\Local\Programs\Python\Python311\Lib\site-packages\starlette\testclient.py:668: in put
    return super().put(
..\..\AppData\Local\Programs\Python\Python311\Lib\site-packages\httpx\_client.py:1182: in put
    return self.request(
..\..\AppData\Local\Programs\Python\Python311\Lib\site-packages\starlette\testclient.py:516: in request
    return super().request(
..\..\AppData\Local\Programs\Python\Python311\Lib\site-packages\httpx\_client.py:827: in request
    return self.send(request, auth=auth, follow_redirects=follow_redirects)
..\..\AppData\Local\Programs\Python\Python311\Lib\site-packages\httpx\_client.py:914: in send
    response = self._send_handling_auth(
..\..\AppData\Local\Programs\Python\Python311\Lib\site-packages\httpx\_client.py:942: in _send_handling_auth
    response = self._send_handling_redirects(
..\..\AppData\Local\Programs\Python\Python311\Lib\site-packages\httpx\_client.py:979: in _send_handling_redirects
    response = self._send_single_request(request)
..\..\AppData\Local\Programs\Python\Python311\Lib\site-packages\httpx\_client.py:1015: in _send_single_request
    response = transport.handle_request(request)
..\..\AppData\Local\Programs\Python\Python311\Lib\site-packages\starlette\testclient.py:398: in handle_request
    raise exc
..\..\AppData\Local\Programs\Python\Python311\Lib\site-packages\starlette\testclient.py:395: in handle_request
    portal.call(self.app, scope, receive, send)
..\..\AppData\Local\Programs\Python\Python311\Lib\site-packages\anyio\from_thread.py:290: in call
    return cast(T_Retval, self.start_task_soon(func, *args).result())
..\..\AppData\Local\Programs\Python\Python311\Lib\concurrent\futures\_base.py:456: in result
    return self.__get_result()
..\..\AppData\Local\Programs\Python\Python311\Lib\concurrent\futures\_base.py:401: in __get_result
    raise self._exception
..\..\AppData\Local\Programs\Python\Python311\Lib\site-packages\anyio\from_thread.py:221: in _call_func
    retval = await retval_or_awaitable
..\..\AppData\Local\Programs\Python\Python311\Lib\site-packages\fastapi\applications.py:1054: in __call__
    await super().__call__(scope, receive, send)
..\..\AppData\Local\Programs\Python\Python311\Lib\site-packages\starlette\applications.py:123: in __call__
    await self.middleware_stack(scope, receive, send)
_ _ _ _ _ _ _ _ _ _ _ _ _ _ _ _ _ _ _ _ _ _ _ _ _ _ _ _ _ _ _ _ _ _ _ _ _ _ _ _

self = <starlette.middleware.errors.ServerErrorMiddleware object at 0x000002393C539610>
scope = {'app': <fastapi.applications.FastAPI object at 0x00000239387FCA90>, 'client': ['testclient', 50000], 'endpoint': <function update_advisor_profile at 0x000002393C0E3BA0>, 'extensions': {'http.response.debug': {}}, ...}
receive = <function _TestClientTransport.handle_request.<locals>.receive at 0x000002393C5727A0>
send = <function _TestClientTransport.handle_request.<locals>.send at 0x000002393C572700>

    async def __call__(self, scope: Scope, receive: Receive, send: Send) -> None:
        if scope["type"] != "http":
            await self.app(scope, receive, send)
            return
    
        response_started = False
    
        async def _send(message: Message) -> None:
            nonlocal response_started, send
    
            if message["type"] == "http.response.start":
                response_started = True
            await send(message)
    
        try:
            await self.app(scope, receive, _send)
        except Exception as exc:
            request = Request(scope)
            if self.debug:
                # In debug mode, return traceback responses.
                response = self.debug_response(request, exc)
            elif self.handler is None:
                # Use our default 500 error handler.
                response = self.error_response(request, exc)
            else:
                # Use an installed 500 error handler.
                if is_async_callable(self.handler):
                    response = await self.handler(request, exc)
                else:
                    response = await run_in_threadpool(self.handler, request, exc)
    
            if not response_started:
>               await response(scope, receive, send)
E               TypeError: 'dict' object is not callable

..\..\AppData\Local\Programs\Python\Python311\Lib\site-packages\starlette\middleware\errors.py:181: TypeError
---------------------------- Captured stdout setup ----------------------------
[TEST DEBUG] Creating tables. Registered: dict_keys(['signals', 'signal_evaluations', 'users', 'strategy_configs', 'push_subscriptions', 'scheduler_lock', 'admin_audit_logs', 'daily_usage', 'copilot_profiles'])
============================== warnings summary ===============================
..\..\AppData\Local\Programs\Python\Python311\Lib\site-packages\starlette\formparsers.py:12
  C:\Users\lukx\AppData\Local\Programs\Python\Python311\Lib\site-packages\starlette\formparsers.py:12: PendingDeprecationWarning: Please use `import python_multipart` instead.
    import multipart

backend\core\schemas.py:17
  c:\Users\lukx\Desktop\TraderCopilot-freshsale\backend\core\schemas.py:17: PydanticDeprecatedSince20: Support for class-based `config` is deprecated, use ConfigDict instead. Deprecated in Pydantic V2.0 to be removed in V3.0. See Pydantic V2 Migration Guide at https://errors.pydantic.dev/2.12/migration/
    class Signal(BaseModel):

backend\core\schemas.py:184
  c:\Users\lukx\Desktop\TraderCopilot-freshsale\backend\core\schemas.py:184: PydanticDeprecatedSince20: Support for class-based `config` is deprecated, use ConfigDict instead. Deprecated in Pydantic V2.0 to be removed in V3.0. See Pydantic V2 Migration Guide at https://errors.pydantic.dev/2.12/migration/
    class UserResponse(BaseModel):

backend\main.py:66
  c:\Users\lukx\Desktop\TraderCopilot-freshsale\backend\main.py:66: DeprecationWarning: 
          on_event is deprecated, use lifespan event handlers instead.
  
          Read more about it in the
          [FastAPI docs for Lifespan Events](https://fastapi.tiangolo.com/advanced/events/).
          
    @app.on_event("startup")

..\..\AppData\Local\Programs\Python\Python311\Lib\site-packages\fastapi\applications.py:4495
..\..\AppData\Local\Programs\Python\Python311\Lib\site-packages\fastapi\applications.py:4495
..\..\AppData\Local\Programs\Python\Python311\Lib\site-packages\fastapi\applications.py:4495
..\..\AppData\Local\Programs\Python\Python311\Lib\site-packages\fastapi\applications.py:4495
  C:\Users\lukx\AppData\Local\Programs\Python\Python311\Lib\site-packages\fastapi\applications.py:4495: DeprecationWarning: 
          on_event is deprecated, use lifespan event handlers instead.
  
          Read more about it in the
          [FastAPI docs for Lifespan Events](https://fastapi.tiangolo.com/advanced/events/).
          
    return self.router.on_event(event_type)

backend\main.py:71
  c:\Users\lukx\Desktop\TraderCopilot-freshsale\backend\main.py:71: DeprecationWarning: 
          on_event is deprecated, use lifespan event handlers instead.
  
          Read more about it in the
          [FastAPI docs for Lifespan Events](https://fastapi.tiangolo.com/advanced/events/).
          
    @app.on_event("shutdown")

backend\main.py:195
  c:\Users\lukx\Desktop\TraderCopilot-freshsale\backend\main.py:195: DeprecationWarning: 
          on_event is deprecated, use lifespan event handlers instead.
  
          Read more about it in the
          [FastAPI docs for Lifespan Events](https://fastapi.tiangolo.com/advanced/events/).
          
    @app.on_event("startup")

backend\main.py:725
  c:\Users\lukx\Desktop\TraderCopilot-freshsale\backend\main.py:725: DeprecationWarning: 
          on_event is deprecated, use lifespan event handlers instead.
  
          Read more about it in the
          [FastAPI docs for Lifespan Events](https://fastapi.tiangolo.com/advanced/events/).
          
    @app.on_event("startup")

backend\routers\logs.py:14
  c:\Users\lukx\Desktop\TraderCopilot-freshsale\backend\routers\logs.py:14: PydanticDeprecatedSince20: Support for class-based `config` is deprecated, use ConfigDict instead. Deprecated in Pydantic V2.0 to be removed in V3.0. See Pydantic V2 Migration Guide at https://errors.pydantic.dev/2.12/migration/
    class LogEntry(BaseModel):

-- Docs: https://docs.pytest.org/en/stable/warnings.html
=========================== short test summary info ===========================
FAILED backend/tests/test_copilot_core.py::test_update_profile - TypeError: '...
======================= 1 failed, 12 warnings in 3.10s ========================
